User_CupLidDispenser.c:43:6:HAL_UART_RxCpltCallback	32	static
User_CupLidDispenser.c:80:6:SteppingMotorTest	16	static
User_CupLidDispenser.c:94:6:pulseMaker	16	static
User_CupLidDispenser.c:100:6:initCupLidDispensor	8	static
User_CupLidDispenser.c:105:6:controlSteppingMotor	32	static
User_CupLidDispenser.c:158:6:motorShutdownAll	24	static
User_CupLidDispenser.c:165:9:getStatus_cup_lid_Dispensor	16	static
User_CupLidDispenser.c:172:6:dispatch	16	static
User_CupLidDispenser.c:191:6:sendCommand	24	static
