User_BeverageManufacturing.c:58:6:delay_100us_powder	16	static
User_BeverageManufacturing.c:89:6:init_powderMachine	16	static
User_BeverageManufacturing.c:128:6:motorShutdownAll_powderMachine	16	static
User_BeverageManufacturing.c:156:6:run_powderMachine	8	static
User_BeverageManufacturing.c:170:6:cleanPowderMachine	40	static
User_BeverageManufacturing.c:199:6:make_powderbeverage	128	static
User_BeverageManufacturing.c:322:6:dispatch_hot_coffee_water	16	static
User_BeverageManufacturing.c:340:6:makeDutyRatio	88	static
User_BeverageManufacturing.c:421:6:caffelatte	16	static
User_BeverageManufacturing.c:439:6:heaterMultiControlTest	8	static
User_BeverageManufacturing.c:472:6:L298Ntest	8	static
User_BeverageManufacturing.c:486:6:MalchaTest	24	static
User_BeverageManufacturing.c:518:6:powderMotor_controlTest	16	static
