User_CupLidDispenser.c:43:6:is_cup_lid_running	24	static
User_CupLidDispenser.c:52:6:SteppingMotorControl	16	static
User_CupLidDispenser.c:64:6:cupRotate	16	static
User_CupLidDispenser.c:70:6:pulseMaker	16	static
User_CupLidDispenser.c:76:6:initCupLidDispensor	8	static
User_CupLidDispenser.c:82:6:controlSteppingMotor	32	static
User_CupLidDispenser.c:137:6:motorShutdownAll	24	static
User_CupLidDispenser.c:144:9:getStatus_cup_lid_Dispensor	16	static
User_CupLidDispenser.c:151:6:cup_lid_dispatch	16	static
User_CupLidDispenser.c:208:6:sendCommand	48	static
