main.c:124:5:_write	24	static
main.c:136:5:main	8	static
main.c:244:6:SystemClock_Config	88	static
main.c:295:13:MX_I2C1_Init	8	static
main.c:341:13:MX_I2C2_Init	8	static
main.c:387:13:MX_TIM1_Init	56	static
main.c:455:13:MX_TIM2_Init	56	static
main.c:514:13:MX_TIM3_Init	56	static
main.c:574:13:MX_UART5_Init	8	static
main.c:607:13:MX_USART2_UART_Init	8	static
main.c:640:13:MX_USART3_UART_Init	8	static
main.c:673:13:MX_USART6_UART_Init	8	static
main.c:706:13:MX_GPIO_Init	56	static
main.c:825:6:StartDefaultTask	16	static
main.c:846:6:StartTask02	16	static
main.c:869:6:StartTask03	16	static
main.c:889:6:StartTask04	16	static
main.c:910:6:StartTask05	16	static
main.c:931:6:HAL_TIM_PeriodElapsedCallback	16	static
main.c:948:6:Error_Handler	4	static,ignoring_inline_asm
