main.c:122:5:_write	24	static
main.c:134:5:main	8	static
main.c:240:6:SystemClock_Config	88	static
main.c:291:13:MX_I2C1_Init	8	static
main.c:337:13:MX_I2C2_Init	8	static
main.c:383:13:MX_TIM1_Init	56	static
main.c:451:13:MX_TIM2_Init	56	static
main.c:510:13:MX_TIM3_Init	56	static
main.c:570:13:MX_UART5_Init	8	static
main.c:603:13:MX_USART3_UART_Init	8	static
main.c:636:13:MX_USART6_UART_Init	8	static
main.c:669:13:MX_GPIO_Init	56	static
main.c:788:6:StartDefaultTask	16	static
main.c:809:6:StartTask02	16	static
main.c:832:6:StartTask03	16	static
main.c:852:6:StartTask04	16	static
main.c:873:6:StartTask05	16	static
main.c:894:6:HAL_TIM_PeriodElapsedCallback	16	static
main.c:911:6:Error_Handler	4	static,ignoring_inline_asm
