main.c:125:6:HAL_UART_RxCpltCallback	32	static
main.c:166:6:pcSerialTest	32	static
main.c:218:5:main	8	static
main.c:378:6:SystemClock_Config	88	static
main.c:429:13:MX_TIM1_Init	32	static
main.c:475:13:MX_TIM2_Init	64	static
main.c:539:13:MX_TIM3_Init	64	static
main.c:603:13:MX_TIM4_Init	64	static
main.c:667:13:MX_UART5_Init	8	static
main.c:700:13:MX_USART3_UART_Init	8	static
main.c:733:13:MX_USART6_UART_Init	8	static
main.c:766:13:MX_GPIO_Init	64	static
main.c:918:6:StartDefaultTask	16	static
main.c:938:6:StartTask02	16	static
main.c:959:6:StartTask03	16	static
main.c:981:6:HAL_TIM_PeriodElapsedCallback	16	static
main.c:998:6:Error_Handler	4	static,ignoring_inline_asm
