main.c:107:5:_write	24	static
main.c:121:5:main	8	static
main.c:224:6:SystemClock_Config	88	static
main.c:275:13:MX_TIM1_Init	32	static
main.c:321:13:MX_TIM2_Init	64	static
main.c:385:13:MX_TIM3_Init	64	static
main.c:449:13:MX_TIM4_Init	64	static
main.c:513:13:MX_UART5_Init	8	static
main.c:546:13:MX_USART3_UART_Init	8	static
main.c:579:13:MX_USART6_UART_Init	8	static
main.c:612:13:MX_GPIO_Init	64	static
main.c:764:6:StartDefaultTask	16	static
main.c:784:6:StartTask02	16	static
main.c:805:6:StartTask03	16	static
main.c:827:6:HAL_TIM_PeriodElapsedCallback	16	static
main.c:844:6:Error_Handler	4	static,ignoring_inline_asm
