15:14:42 **** Incremental Build of configuration Debug for project XEstation_InventoryManagement ****
make -j8 all 
arm-none-eabi-gcc "../XEstation_Library/Src/User_HC_SR04.c" -mcpu=cortex-m4 -std=gnu11 -g3 -DDEBUG -DUSE_HAL_DRIVER -DSTM32F429xx -c -I../Core/Inc -I../Drivers/STM32F4xx_HAL_Driver/Inc -I../Drivers/STM32F4xx_HAL_Driver/Inc/Legacy -I../Drivers/CMSIS/Device/ST/STM32F4xx/Include -I../Drivers/CMSIS/Include -I"C:/Users/Ethan/Documents/stm32/XE_Station_EmbeddedSystem/XEstation_InventoryManagement/XEstation_Library/Inc" -O0 -ffunction-sections -fdata-sections -Wall -fstack-usage -MMD -MP -MF"XEstation_Library/Src/User_HC_SR04.d" -MT"XEstation_Library/Src/User_HC_SR04.o" --specs=nano.specs -mfpu=fpv4-sp-d16 -mfloat-abi=hard -mthumb -o "XEstation_Library/Src/User_HC_SR04.o"
arm-none-eabi-gcc "../XEstation_Library/Src/User_Lidar.c" -mcpu=cortex-m4 -std=gnu11 -g3 -DDEBUG -DUSE_HAL_DRIVER -DSTM32F429xx -c -I../Core/Inc -I../Drivers/STM32F4xx_HAL_Driver/Inc -I../Drivers/STM32F4xx_HAL_Driver/Inc/Legacy -I../Drivers/CMSIS/Device/ST/STM32F4xx/Include -I../Drivers/CMSIS/Include -I"C:/Users/Ethan/Documents/stm32/XE_Station_EmbeddedSystem/XEstation_InventoryManagement/XEstation_Library/Inc" -O0 -ffunction-sections -fdata-sections -Wall -fstack-usage -MMD -MP -MF"XEstation_Library/Src/User_Lidar.d" -MT"XEstation_Library/Src/User_Lidar.o" --specs=nano.specs -mfpu=fpv4-sp-d16 -mfloat-abi=hard -mthumb -o "XEstation_Library/Src/User_Lidar.o"
arm-none-eabi-gcc "../Core/Src/main.c" -mcpu=cortex-m4 -std=gnu11 -g3 -DDEBUG -DUSE_HAL_DRIVER -DSTM32F429xx -c -I../Core/Inc -I../Drivers/STM32F4xx_HAL_Driver/Inc -I../Drivers/STM32F4xx_HAL_Driver/Inc/Legacy -I../Drivers/CMSIS/Device/ST/STM32F4xx/Include -I../Drivers/CMSIS/Include -I"C:/Users/Ethan/Documents/stm32/XE_Station_EmbeddedSystem/XEstation_InventoryManagement/XEstation_Library/Inc" -O0 -ffunction-sections -fdata-sections -Wall -fstack-usage -MMD -MP -MF"Core/Src/main.d" -MT"Core/Src/main.o" --specs=nano.specs -mfpu=fpv4-sp-d16 -mfloat-abi=hard -mthumb -o "Core/Src/main.o"
../XEstation_Library/Src/User_HC_SR04.c:4:10: fatal error: User_HC_SR04__.h: No such file or directory
    4 | #include <User_HC_SR04__.h>
      |          ^~~~~~~~~~~~~~~~~~
compilation terminated.
make: *** [XEstation_Library/Src/subdir.mk:34: XEstation_Library/Src/User_HC_SR04.o] Error 1
make: *** Waiting for unfinished jobs....
../XEstation_Library/Src/User_Lidar.c: In function 'requestPacket':
../XEstation_Library/Src/User_Lidar.c:122:10: warning: unused variable 'tmpBuf' [-Wunused-variable]
  122 |  uint8_t tmpBuf[15] = {0,};
      |          ^~~~~~
../Core/Src/main.c:21:10: fatal error: User_HC_SR04__.h: No such file or directory
   21 | #include <User_HC_SR04__.h>  // ultrasonic sensor
      |          ^~~~~~~~~~~~~~~~~~
compilation terminated.
make: *** [Core/Src/subdir.mk:34: Core/Src/main.o] Error 1
"make -j8 all" terminated with exit code 2. Build might be incomplete.
15:15:10 **** Incremental Build of configuration Debug for project XEstation_InventoryManagement ****
make -j8 all 
arm-none-eabi-gcc "../XEstation_Library/Src/User_HC_SR04.c" -mcpu=cortex-m4 -std=gnu11 -g3 -DDEBUG -DUSE_HAL_DRIVER -DSTM32F429xx -c -I../Core/Inc -I../Drivers/STM32F4xx_HAL_Driver/Inc -I../Drivers/STM32F4xx_HAL_Driver/Inc/Legacy -I../Drivers/CMSIS/Device/ST/STM32F4xx/Include -I../Drivers/CMSIS/Include -I"C:/Users/Ethan/Documents/stm32/XE_Station_EmbeddedSystem/XEstation_InventoryManagement/XEstation_Library/Inc" -O0 -ffunction-sections -fdata-sections -Wall -fstack-usage -MMD -MP -MF"XEstation_Library/Src/User_HC_SR04.d" -MT"XEstation_Library/Src/User_HC_SR04.o" --specs=nano.specs -mfpu=fpv4-sp-d16 -mfloat-abi=hard -mthumb -o "XEstation_Library/Src/User_HC_SR04.o"
arm-none-eabi-gcc "../Core/Src/main.c" -mcpu=cortex-m4 -std=gnu11 -g3 -DDEBUG -DUSE_HAL_DRIVER -DSTM32F429xx -c -I../Core/Inc -I../Drivers/STM32F4xx_HAL_Driver/Inc -I../Drivers/STM32F4xx_HAL_Driver/Inc/Legacy -I../Drivers/CMSIS/Device/ST/STM32F4xx/Include -I../Drivers/CMSIS/Include -I"C:/Users/Ethan/Documents/stm32/XE_Station_EmbeddedSystem/XEstation_InventoryManagement/XEstation_Library/Inc" -O0 -ffunction-sections -fdata-sections -Wall -fstack-usage -MMD -MP -MF"Core/Src/main.d" -MT"Core/Src/main.o" --specs=nano.specs -mfpu=fpv4-sp-d16 -mfloat-abi=hard -mthumb -o "Core/Src/main.o"
In file included from ../Core/Inc/stm32f4xx_hal_conf.h:278,
                 from ../Drivers/STM32F4xx_HAL_Driver/Inc/stm32f4xx_hal.h:30,
                 from ../Core/Inc/main.h:31,
                 from C:/Users/Ethan/Documents/stm32/XE_Station_EmbeddedSystem/XEstation_InventoryManagement/XEstation_Library/Inc/User_HC_SR04.h:8,
                 from ../XEstation_Library/Src/User_HC_SR04.c:4:
../Drivers/STM32F4xx_HAL_Driver/Inc/stm32f4xx_hal_gpio.h:91:36: warning: initialization of 'uint16_t *' {aka 'short unsigned int *'} from 'short unsigned int' makes pointer from integer without a cast [-Wint-conversion]
   91 | #define GPIO_PIN_5                 ((uint16_t)0x0020)  /* Pin 5 selected    */
      |                                    ^
../Core/Inc/main.h:128:22: note: in expansion of macro 'GPIO_PIN_5'
  128 | #define CP01_TIM_Pin GPIO_PIN_5
      |                      ^~~~~~~~~~
../XEstation_Library/Src/User_HC_SR04.c:14:38: note: in expansion of macro 'CP01_TIM_Pin'
   14 | uint16_t* HCSR04_TIMER_Pin[] =      {CP01_TIM_Pin,
      |                                      ^~~~~~~~~~~~
../Drivers/STM32F4xx_HAL_Driver/Inc/stm32f4xx_hal_gpio.h:91:36: note: (near initialization for 'HCSR04_TIMER_Pin[0]')
   91 | #define GPIO_PIN_5                 ((uint16_t)0x0020)  /* Pin 5 selected    */
      |                                    ^
../Core/Inc/main.h:128:22: note: in expansion of macro 'GPIO_PIN_5'
  128 | #define CP01_TIM_Pin GPIO_PIN_5
      |                      ^~~~~~~~~~
../XEstation_Library/Src/User_HC_SR04.c:14:38: note: in expansion of macro 'CP01_TIM_Pin'
   14 | uint16_t* HCSR04_TIMER_Pin[] =      {CP01_TIM_Pin,
      |                                      ^~~~~~~~~~~~
../Drivers/STM32F4xx_HAL_Driver/Inc/stm32f4xx_hal_gpio.h:90:36: warning: initialization of 'uint16_t *' {aka 'short unsigned int *'} from 'short unsigned int' makes pointer from integer without a cast [-Wint-conversion]
   90 | #define GPIO_PIN_4                 ((uint16_t)0x0010)  /* Pin 4 selected    */
      |                                    ^
../Core/Inc/main.h:126:22: note: in expansion of macro 'GPIO_PIN_4'
  126 | #define CF01_TIM_Pin GPIO_PIN_4
      |                      ^~~~~~~~~~
../XEstation_Library/Src/User_HC_SR04.c:15:12: note: in expansion of macro 'CF01_TIM_Pin'
   15 |            CF01_TIM_Pin,
      |            ^~~~~~~~~~~~
../Drivers/STM32F4xx_HAL_Driver/Inc/stm32f4xx_hal_gpio.h:90:36: note: (near initialization for 'HCSR04_TIMER_Pin[1]')
   90 | #define GPIO_PIN_4                 ((uint16_t)0x0010)  /* Pin 4 selected    */
      |                                    ^
../Core/Inc/main.h:126:22: note: in expansion of macro 'GPIO_PIN_4'
  126 | #define CF01_TIM_Pin GPIO_PIN_4
      |                      ^~~~~~~~~~
../XEstation_Library/Src/User_HC_SR04.c:15:12: note: in expansion of macro 'CF01_TIM_Pin'
   15 |            CF01_TIM_Pin,
      |            ^~~~~~~~~~~~
../Drivers/STM32F4xx_HAL_Driver/Inc/stm32f4xx_hal_gpio.h:89:36: warning: initialization of 'uint16_t *' {aka 'short unsigned int *'} from 'short unsigned int' makes pointer from integer without a cast [-Wint-conversion]
   89 | #define GPIO_PIN_3                 ((uint16_t)0x0008)  /* Pin 3 selected    */
      |                                    ^
../Core/Inc/main.h:124:22: note: in expansion of macro 'GPIO_PIN_3'
  124 | #define PD01_TIM_Pin GPIO_PIN_3
      |                      ^~~~~~~~~~
../XEstation_Library/Src/User_HC_SR04.c:16:12: note: in expansion of macro 'PD01_TIM_Pin'
   16 |            PD01_TIM_Pin,
      |            ^~~~~~~~~~~~
../Drivers/STM32F4xx_HAL_Driver/Inc/stm32f4xx_hal_gpio.h:89:36: note: (near initialization for 'HCSR04_TIMER_Pin[2]')
   89 | #define GPIO_PIN_3                 ((uint16_t)0x0008)  /* Pin 3 selected    */
      |                                    ^
../Core/Inc/main.h:124:22: note: in expansion of macro 'GPIO_PIN_3'
  124 | #define PD01_TIM_Pin GPIO_PIN_3
      |                      ^~~~~~~~~~
../XEstation_Library/Src/User_HC_SR04.c:16:12: note: in expansion of macro 'PD01_TIM_Pin'
   16 |            PD01_TIM_Pin,
      |            ^~~~~~~~~~~~
../Drivers/STM32F4xx_HAL_Driver/Inc/stm32f4xx_hal_gpio.h:95:36: warning: initialization of 'uint16_t *' {aka 'short unsigned int *'} from 'short unsigned int' makes pointer from integer without a cast [-Wint-conversion]
   95 | #define GPIO_PIN_9                 ((uint16_t)0x0200)  /* Pin 9 selected    */
      |                                    ^
../Core/Inc/main.h:88:22: note: in expansion of macro 'GPIO_PIN_9'
   88 | #define JG01_TIM_Pin GPIO_PIN_9
      |                      ^~~~~~~~~~
../XEstation_Library/Src/User_HC_SR04.c:17:12: note: in expansion of macro 'JG01_TIM_Pin'
   17 |            JG01_TIM_Pin,
      |            ^~~~~~~~~~~~
../Drivers/STM32F4xx_HAL_Driver/Inc/stm32f4xx_hal_gpio.h:95:36: note: (near initialization for 'HCSR04_TIMER_Pin[3]')
   95 | #define GPIO_PIN_9                 ((uint16_t)0x0200)  /* Pin 9 selected    */
      |                                    ^
../Core/Inc/main.h:88:22: note: in expansion of macro 'GPIO_PIN_9'
   88 | #define JG01_TIM_Pin GPIO_PIN_9
      |                      ^~~~~~~~~~
../XEstation_Library/Src/User_HC_SR04.c:17:12: note: in expansion of macro 'JG01_TIM_Pin'
   17 |            JG01_TIM_Pin,
      |            ^~~~~~~~~~~~
../Drivers/STM32F4xx_HAL_Driver/Inc/stm32f4xx_hal_gpio.h:97:36: warning: initialization of 'uint16_t *' {aka 'short unsigned int *'} from 'short unsigned int' makes pointer from integer without a cast [-Wint-conversion]
   97 | #define GPIO_PIN_11                ((uint16_t)0x0800)  /* Pin 11 selected   */
      |                                    ^
../Core/Inc/main.h:92:22: note: in expansion of macro 'GPIO_PIN_11'
   92 | #define JG02_TIM_Pin GPIO_PIN_11
      |                      ^~~~~~~~~~~
../XEstation_Library/Src/User_HC_SR04.c:18:12: note: in expansion of macro 'JG02_TIM_Pin'
   18 |            JG02_TIM_Pin,
      |            ^~~~~~~~~~~~
../Drivers/STM32F4xx_HAL_Driver/Inc/stm32f4xx_hal_gpio.h:97:36: note: (near initialization for 'HCSR04_TIMER_Pin[4]')
   97 | #define GPIO_PIN_11                ((uint16_t)0x0800)  /* Pin 11 selected   */
      |                                    ^
../Core/Inc/main.h:92:22: note: in expansion of macro 'GPIO_PIN_11'
   92 | #define JG02_TIM_Pin GPIO_PIN_11
      |                      ^~~~~~~~~~~
../XEstation_Library/Src/User_HC_SR04.c:18:12: note: in expansion of macro 'JG02_TIM_Pin'
   18 |            JG02_TIM_Pin,
      |            ^~~~~~~~~~~~
../Drivers/STM32F4xx_HAL_Driver/Inc/stm32f4xx_hal_gpio.h:99:36: warning: initialization of 'uint16_t *' {aka 'short unsigned int *'} from 'short unsigned int' makes pointer from integer without a cast [-Wint-conversion]
   99 | #define GPIO_PIN_13                ((uint16_t)0x2000)  /* Pin 13 selected   */
      |                                    ^
../Core/Inc/main.h:96:22: note: in expansion of macro 'GPIO_PIN_13'
   96 | #define LD01_TIM_Pin GPIO_PIN_13
      |                      ^~~~~~~~~~~
../XEstation_Library/Src/User_HC_SR04.c:19:12: note: in expansion of macro 'LD01_TIM_Pin'
   19 |            LD01_TIM_Pin,
      |            ^~~~~~~~~~~~
../Drivers/STM32F4xx_HAL_Driver/Inc/stm32f4xx_hal_gpio.h:99:36: note: (near initialization for 'HCSR04_TIMER_Pin[5]')
   99 | #define GPIO_PIN_13                ((uint16_t)0x2000)  /* Pin 13 selected   */
      |                                    ^
../Core/Inc/main.h:96:22: note: in expansion of macro 'GPIO_PIN_13'
   96 | #define LD01_TIM_Pin GPIO_PIN_13
      |                      ^~~~~~~~~~~
../XEstation_Library/Src/User_HC_SR04.c:19:12: note: in expansion of macro 'LD01_TIM_Pin'
   19 |            LD01_TIM_Pin,
      |            ^~~~~~~~~~~~
../Drivers/STM32F4xx_HAL_Driver/Inc/stm32f4xx_hal_gpio.h:95:36: warning: initialization of 'uint16_t *' {aka 'short unsigned int *'} from 'short unsigned int' makes pointer from integer without a cast [-Wint-conversion]
   95 | #define GPIO_PIN_9                 ((uint16_t)0x0200)  /* Pin 9 selected    */
      |                                    ^
../Core/Inc/main.h:88:22: note: in expansion of macro 'GPIO_PIN_9'
   88 | #define JG01_TIM_Pin GPIO_PIN_9
      |                      ^~~~~~~~~~
../XEstation_Library/Src/User_HC_SR04.c:20:12: note: in expansion of macro 'JG01_TIM_Pin'
   20 |            JG01_TIM_Pin,
      |            ^~~~~~~~~~~~
../Drivers/STM32F4xx_HAL_Driver/Inc/stm32f4xx_hal_gpio.h:95:36: note: (near initialization for 'HCSR04_TIMER_Pin[6]')
   95 | #define GPIO_PIN_9                 ((uint16_t)0x0200)  /* Pin 9 selected    */
      |                                    ^
../Core/Inc/main.h:88:22: note: in expansion of macro 'GPIO_PIN_9'
   88 | #define JG01_TIM_Pin GPIO_PIN_9
      |                      ^~~~~~~~~~
../XEstation_Library/Src/User_HC_SR04.c:20:12: note: in expansion of macro 'JG01_TIM_Pin'
   20 |            JG01_TIM_Pin,
      |            ^~~~~~~~~~~~
../Drivers/STM32F4xx_HAL_Driver/Inc/stm32f4xx_hal_gpio.h:97:36: warning: initialization of 'uint16_t *' {aka 'short unsigned int *'} from 'short unsigned int' makes pointer from integer without a cast [-Wint-conversion]
   97 | #define GPIO_PIN_11                ((uint16_t)0x0800)  /* Pin 11 selected   */
      |                                    ^
../Core/Inc/main.h:92:22: note: in expansion of macro 'GPIO_PIN_11'
   92 | #define JG02_TIM_Pin GPIO_PIN_11
      |                      ^~~~~~~~~~~
../XEstation_Library/Src/User_HC_SR04.c:21:12: note: in expansion of macro 'JG02_TIM_Pin'
   21 |            JG02_TIM_Pin};
      |            ^~~~~~~~~~~~
../Drivers/STM32F4xx_HAL_Driver/Inc/stm32f4xx_hal_gpio.h:97:36: note: (near initialization for 'HCSR04_TIMER_Pin[7]')
   97 | #define GPIO_PIN_11                ((uint16_t)0x0800)  /* Pin 11 selected   */
      |                                    ^
../Core/Inc/main.h:92:22: note: in expansion of macro 'GPIO_PIN_11'
   92 | #define JG02_TIM_Pin GPIO_PIN_11
      |                      ^~~~~~~~~~~
../XEstation_Library/Src/User_HC_SR04.c:21:12: note: in expansion of macro 'JG02_TIM_Pin'
   21 |            JG02_TIM_Pin};
      |            ^~~~~~~~~~~~
../XEstation_Library/Src/User_HC_SR04.c: In function 'HAL_TIM_IC_CaptureCallback':
../XEstation_Library/Src/User_HC_SR04.c:39:7: warning: unused variable 'a' [-Wunused-variable]
   39 |   int a = 1;
      |       ^
../XEstation_Library/Src/User_HC_SR04.c:41:20: warning: suggest parentheses around comparison in operand of '|' [-Wparentheses]
   41 |  if (htim->Channel == HAL_TIM_ACTIVE_CHANNEL_1 |
      |      ~~~~~~~~~~~~~~^~~~~~~~~~~~~~~~~~~~~~~~~~~
../XEstation_Library/Src/User_HC_SR04.c:43:17: warning: suggest parentheses around comparison in operand of '|' [-Wparentheses]
   43 |   htim->Channel == HAL_TIM_ACTIVE_CHANNEL_3)
      |   ~~~~~~~~~~~~~~^~~~~~~~~~~~~~~~~~~~~~~~~~~
../XEstation_Library/Src/User_HC_SR04.c: In function 'HCSR04_Read':
../XEstation_Library/Src/User_HC_SR04.c:73:64: warning: passing argument 2 of 'HAL_GPIO_WritePin' makes integer from pointer without a cast [-Wint-conversion]
   73 |  HAL_GPIO_WritePin(HCSR04_TIMER_GPIO_Port[ID], HCSR04_TIMER_Pin[ID], GPIO_PIN_SET);    // TRIG set to HIGH
      |                                                ~~~~~~~~~~~~~~~~^~~~
      |                                                                |
      |                                                                uint16_t * {aka short unsigned int *}
In file included from ../Core/Inc/stm32f4xx_hal_conf.h:278,
                 from ../Drivers/STM32F4xx_HAL_Driver/Inc/stm32f4xx_hal.h:30,
                 from ../Core/Inc/main.h:31,
                 from C:/Users/Ethan/Documents/stm32/XE_Station_EmbeddedSystem/XEstation_InventoryManagement/XEstation_Library/Inc/User_HC_SR04.h:8,
                 from ../XEstation_Library/Src/User_HC_SR04.c:4:
../Drivers/STM32F4xx_HAL_Driver/Inc/stm32f4xx_hal_gpio.h:236:54: note: expected 'uint16_t' {aka 'short unsigned int'} but argument is of type 'uint16_t *' {aka 'short unsigned int *'}
  236 | void HAL_GPIO_WritePin(GPIO_TypeDef* GPIOx, uint16_t GPIO_Pin, GPIO_PinState PinState);
      |                                             ~~~~~~~~~^~~~~~~~
../XEstation_Library/Src/User_HC_SR04.c:75:64: warning: passing argument 2 of 'HAL_GPIO_WritePin' makes integer from pointer without a cast [-Wint-conversion]
   75 |  HAL_GPIO_WritePin(HCSR04_TIMER_GPIO_Port[ID], HCSR04_TIMER_Pin[ID], GPIO_PIN_RESET);  // TRIG set to LOW
      |                                                ~~~~~~~~~~~~~~~~^~~~
      |                                                                |
      |                                                                uint16_t * {aka short unsigned int *}
In file included from ../Core/Inc/stm32f4xx_hal_conf.h:278,
                 from ../Drivers/STM32F4xx_HAL_Driver/Inc/stm32f4xx_hal.h:30,
                 from ../Core/Inc/main.h:31,
                 from C:/Users/Ethan/Documents/stm32/XE_Station_EmbeddedSystem/XEstation_InventoryManagement/XEstation_Library/Inc/User_HC_SR04.h:8,
                 from ../XEstation_Library/Src/User_HC_SR04.c:4:
../Drivers/STM32F4xx_HAL_Driver/Inc/stm32f4xx_hal_gpio.h:236:54: note: expected 'uint16_t' {aka 'short unsigned int'} but argument is of type 'uint16_t *' {aka 'short unsigned int *'}
  236 | void HAL_GPIO_WritePin(GPIO_TypeDef* GPIOx, uint16_t GPIO_Pin, GPIO_PinState PinState);
      |                                             ~~~~~~~~~^~~~~~~~
../XEstation_Library/Src/User_HC_SR04.c:88:20: warning: suggest parentheses around comparison in operand of '|' [-Wparentheses]
   88 |  else if(sensor_id == CKJG01 | sensor_id == CJL01){
../XEstation_Library/Src/User_HC_SR04.c:91:20: warning: suggest parentheses around comparison in operand of '|' [-Wparentheses]
   91 |  else if(sensor_id == CKJG02 | sensor_id == CJL02){
../Core/Src/main.c:21:10: fatal error: User_HC_SR04__.h: No such file or directory
   21 | #include <User_HC_SR04__.h>  // ultrasonic sensor
      |          ^~~~~~~~~~~~~~~~~~
compilation terminated.
make: *** [Core/Src/subdir.mk:34: Core/Src/main.o] Error 1
make: *** Waiting for unfinished jobs....
"make -j8 all" terminated with exit code 2. Build might be incomplete.
15:15:12 **** Incremental Build of configuration Debug for project XEstation_MachineControl ****
make -j8 all 
arm-none-eabi-size   XEstation_MachineControl.elf 
   text	   data	    bss	    dec	    hex	filename
  14828	     20	   2060	  16908	   420c	XEstation_MachineControl.elf
Finished building: default.size.stdout
 
15:15:42 **** Incremental Build of configuration Debug for project XEstation_InventoryManagement ****
make -j8 all 
arm-none-eabi-gcc "../Core/Src/main.c" -mcpu=cortex-m4 -std=gnu11 -g3 -DDEBUG -DUSE_HAL_DRIVER -DSTM32F429xx -c -I../Core/Inc -I../Drivers/STM32F4xx_HAL_Driver/Inc -I../Drivers/STM32F4xx_HAL_Driver/Inc/Legacy -I../Drivers/CMSIS/Device/ST/STM32F4xx/Include -I../Drivers/CMSIS/Include -I"C:/Users/Ethan/Documents/stm32/XE_Station_EmbeddedSystem/XEstation_InventoryManagement/XEstation_Library/Inc" -O0 -ffunction-sections -fdata-sections -Wall -fstack-usage -MMD -MP -MF"Core/Src/main.d" -MT"Core/Src/main.o" --specs=nano.specs -mfpu=fpv4-sp-d16 -mfloat-abi=hard -mthumb -o "Core/Src/main.o"
arm-none-eabi-gcc -o "XEstation_InventoryManagement.elf" @"objects.list"   -mcpu=cortex-m4 -T"C:\Users\Ethan\Documents\stm32\XE_Station_EmbeddedSystem\XEstation_InventoryManagement\STM32F429ZITX_FLASH.ld" --specs=nosys.specs -Wl,-Map="XEstation_InventoryManagement.map" -Wl,--gc-sections -static --specs=nano.specs -mfpu=fpv4-sp-d16 -mfloat-abi=hard -mthumb -u _printf_float -Wl,--start-group -lc -lm -Wl,--end-group
Finished building target: XEstation_InventoryManagement.elf
 
arm-none-eabi-size   XEstation_InventoryManagement.elf 
arm-none-eabi-objdump -h -S  XEstation_InventoryManagement.elf  > "XEstation_InventoryManagement.list"
   text	   data	    bss	    dec	    hex	filename
  31760	    484	   2508	  34752	   87c0	XEstation_InventoryManagement.elf
arm-none-eabi-objcopy  -O binary  XEstation_InventoryManagement.elf  "XEstation_InventoryManagement.bin"
Finished building: default.size.stdout
 
Finished building: XEstation_InventoryManagement.list
Finished building: XEstation_InventoryManagement.bin
 
 
15:15:45 **** Incremental Build of configuration Debug for project XEstation_MachineControl ****
make -j8 all 
arm-none-eabi-size   XEstation_MachineControl.elf 
   text	   data	    bss	    dec	    hex	filename
  14828	     20	   2060	  16908	   420c	XEstation_MachineControl.elf
Finished building: default.size.stdout
 
15:17:17 **** Incremental Build of configuration Debug for project XEstation_InventoryManagement ****
make -j8 all 
arm-none-eabi-gcc "../XEstation_Library/Src/User_HC_SR04.c" -mcpu=cortex-m4 -std=gnu11 -g3 -DDEBUG -DUSE_HAL_DRIVER -DSTM32F429xx -c -I../Core/Inc -I../Drivers/STM32F4xx_HAL_Driver/Inc -I../Drivers/STM32F4xx_HAL_Driver/Inc/Legacy -I../Drivers/CMSIS/Device/ST/STM32F4xx/Include -I../Drivers/CMSIS/Include -I"C:/Users/Ethan/Documents/stm32/XE_Station_EmbeddedSystem/XEstation_InventoryManagement/XEstation_Library/Inc" -O0 -ffunction-sections -fdata-sections -Wall -fstack-usage -MMD -MP -MF"XEstation_Library/Src/User_HC_SR04.d" -MT"XEstation_Library/Src/User_HC_SR04.o" --specs=nano.specs -mfpu=fpv4-sp-d16 -mfloat-abi=hard -mthumb -o "XEstation_Library/Src/User_HC_SR04.o"
arm-none-eabi-gcc "../XEstation_Library/Src/User_Lidar.c" -mcpu=cortex-m4 -std=gnu11 -g3 -DDEBUG -DUSE_HAL_DRIVER -DSTM32F429xx -c -I../Core/Inc -I../Drivers/STM32F4xx_HAL_Driver/Inc -I../Drivers/STM32F4xx_HAL_Driver/Inc/Legacy -I../Drivers/CMSIS/Device/ST/STM32F4xx/Include -I../Drivers/CMSIS/Include -I"C:/Users/Ethan/Documents/stm32/XE_Station_EmbeddedSystem/XEstation_InventoryManagement/XEstation_Library/Inc" -O0 -ffunction-sections -fdata-sections -Wall -fstack-usage -MMD -MP -MF"XEstation_Library/Src/User_Lidar.d" -MT"XEstation_Library/Src/User_Lidar.o" --specs=nano.specs -mfpu=fpv4-sp-d16 -mfloat-abi=hard -mthumb -o "XEstation_Library/Src/User_Lidar.o"
In file included from ../Core/Inc/stm32f4xx_hal_conf.h:278,
                 from ../Drivers/STM32F4xx_HAL_Driver/Inc/stm32f4xx_hal.h:30,
                 from ../Core/Inc/main.h:31,
                 from C:/Users/Ethan/Documents/stm32/XE_Station_EmbeddedSystem/XEstation_InventoryManagement/XEstation_Library/Inc/User_HC_SR04.h:8,
                 from ../XEstation_Library/Src/User_HC_SR04.c:4:
../Drivers/STM32F4xx_HAL_Driver/Inc/stm32f4xx_hal_gpio.h:91:36: warning: initialization of 'uint16_t *' {aka 'short unsigned int *'} from 'short unsigned int' makes pointer from integer without a cast [-Wint-conversion]
   91 | #define GPIO_PIN_5                 ((uint16_t)0x0020)  /* Pin 5 selected    */
      |                                    ^
../Core/Inc/main.h:128:22: note: in expansion of macro 'GPIO_PIN_5'
  128 | #define CP01_TIM_Pin GPIO_PIN_5
      |                      ^~~~~~~~~~
../XEstation_Library/Src/User_HC_SR04.c:14:38: note: in expansion of macro 'CP01_TIM_Pin'
   14 | uint16_t* HCSR04_TIMER_Pin[] =      {CP01_TIM_Pin,
      |                                      ^~~~~~~~~~~~
../Drivers/STM32F4xx_HAL_Driver/Inc/stm32f4xx_hal_gpio.h:91:36: note: (near initialization for 'HCSR04_TIMER_Pin[0]')
   91 | #define GPIO_PIN_5                 ((uint16_t)0x0020)  /* Pin 5 selected    */
      |                                    ^
../Core/Inc/main.h:128:22: note: in expansion of macro 'GPIO_PIN_5'
  128 | #define CP01_TIM_Pin GPIO_PIN_5
      |                      ^~~~~~~~~~
../XEstation_Library/Src/User_HC_SR04.c:14:38: note: in expansion of macro 'CP01_TIM_Pin'
   14 | uint16_t* HCSR04_TIMER_Pin[] =      {CP01_TIM_Pin,
      |                                      ^~~~~~~~~~~~
../Drivers/STM32F4xx_HAL_Driver/Inc/stm32f4xx_hal_gpio.h:90:36: warning: initialization of 'uint16_t *' {aka 'short unsigned int *'} from 'short unsigned int' makes pointer from integer without a cast [-Wint-conversion]
   90 | #define GPIO_PIN_4                 ((uint16_t)0x0010)  /* Pin 4 selected    */
      |                                    ^
../Core/Inc/main.h:126:22: note: in expansion of macro 'GPIO_PIN_4'
  126 | #define CF01_TIM_Pin GPIO_PIN_4
      |                      ^~~~~~~~~~
../XEstation_Library/Src/User_HC_SR04.c:15:12: note: in expansion of macro 'CF01_TIM_Pin'
   15 |            CF01_TIM_Pin,
      |            ^~~~~~~~~~~~
../Drivers/STM32F4xx_HAL_Driver/Inc/stm32f4xx_hal_gpio.h:90:36: note: (near initialization for 'HCSR04_TIMER_Pin[1]')
   90 | #define GPIO_PIN_4                 ((uint16_t)0x0010)  /* Pin 4 selected    */
      |                                    ^
../Core/Inc/main.h:126:22: note: in expansion of macro 'GPIO_PIN_4'
  126 | #define CF01_TIM_Pin GPIO_PIN_4
      |                      ^~~~~~~~~~
../XEstation_Library/Src/User_HC_SR04.c:15:12: note: in expansion of macro 'CF01_TIM_Pin'
   15 |            CF01_TIM_Pin,
      |            ^~~~~~~~~~~~
../Drivers/STM32F4xx_HAL_Driver/Inc/stm32f4xx_hal_gpio.h:89:36: warning: initialization of 'uint16_t *' {aka 'short unsigned int *'} from 'short unsigned int' makes pointer from integer without a cast [-Wint-conversion]
   89 | #define GPIO_PIN_3                 ((uint16_t)0x0008)  /* Pin 3 selected    */
      |                                    ^
../Core/Inc/main.h:124:22: note: in expansion of macro 'GPIO_PIN_3'
  124 | #define PD01_TIM_Pin GPIO_PIN_3
      |                      ^~~~~~~~~~
../XEstation_Library/Src/User_HC_SR04.c:16:12: note: in expansion of macro 'PD01_TIM_Pin'
   16 |            PD01_TIM_Pin,
      |            ^~~~~~~~~~~~
../Drivers/STM32F4xx_HAL_Driver/Inc/stm32f4xx_hal_gpio.h:89:36: note: (near initialization for 'HCSR04_TIMER_Pin[2]')
   89 | #define GPIO_PIN_3                 ((uint16_t)0x0008)  /* Pin 3 selected    */
      |                                    ^
../Core/Inc/main.h:124:22: note: in expansion of macro 'GPIO_PIN_3'
  124 | #define PD01_TIM_Pin GPIO_PIN_3
      |                      ^~~~~~~~~~
../XEstation_Library/Src/User_HC_SR04.c:16:12: note: in expansion of macro 'PD01_TIM_Pin'
   16 |            PD01_TIM_Pin,
      |            ^~~~~~~~~~~~
../Drivers/STM32F4xx_HAL_Driver/Inc/stm32f4xx_hal_gpio.h:95:36: warning: initialization of 'uint16_t *' {aka 'short unsigned int *'} from 'short unsigned int' makes pointer from integer without a cast [-Wint-conversion]
   95 | #define GPIO_PIN_9                 ((uint16_t)0x0200)  /* Pin 9 selected    */
      |                                    ^
../Core/Inc/main.h:88:22: note: in expansion of macro 'GPIO_PIN_9'
   88 | #define JG01_TIM_Pin GPIO_PIN_9
      |                      ^~~~~~~~~~
../XEstation_Library/Src/User_HC_SR04.c:17:12: note: in expansion of macro 'JG01_TIM_Pin'
   17 |            JG01_TIM_Pin,
      |            ^~~~~~~~~~~~
../Drivers/STM32F4xx_HAL_Driver/Inc/stm32f4xx_hal_gpio.h:95:36: note: (near initialization for 'HCSR04_TIMER_Pin[3]')
   95 | #define GPIO_PIN_9                 ((uint16_t)0x0200)  /* Pin 9 selected    */
      |                                    ^
../Core/Inc/main.h:88:22: note: in expansion of macro 'GPIO_PIN_9'
   88 | #define JG01_TIM_Pin GPIO_PIN_9
      |                      ^~~~~~~~~~
../XEstation_Library/Src/User_HC_SR04.c:17:12: note: in expansion of macro 'JG01_TIM_Pin'
   17 |            JG01_TIM_Pin,
      |            ^~~~~~~~~~~~
../Drivers/STM32F4xx_HAL_Driver/Inc/stm32f4xx_hal_gpio.h:97:36: warning: initialization of 'uint16_t *' {aka 'short unsigned int *'} from 'short unsigned int' makes pointer from integer without a cast [-Wint-conversion]
   97 | #define GPIO_PIN_11                ((uint16_t)0x0800)  /* Pin 11 selected   */
      |                                    ^
../Core/Inc/main.h:92:22: note: in expansion of macro 'GPIO_PIN_11'
   92 | #define JG02_TIM_Pin GPIO_PIN_11
      |                      ^~~~~~~~~~~
../XEstation_Library/Src/User_HC_SR04.c:18:12: note: in expansion of macro 'JG02_TIM_Pin'
   18 |            JG02_TIM_Pin,
      |            ^~~~~~~~~~~~
../Drivers/STM32F4xx_HAL_Driver/Inc/stm32f4xx_hal_gpio.h:97:36: note: (near initialization for 'HCSR04_TIMER_Pin[4]')
   97 | #define GPIO_PIN_11                ((uint16_t)0x0800)  /* Pin 11 selected   */
      |                                    ^
../Core/Inc/main.h:92:22: note: in expansion of macro 'GPIO_PIN_11'
   92 | #define JG02_TIM_Pin GPIO_PIN_11
      |                      ^~~~~~~~~~~
../XEstation_Library/Src/User_HC_SR04.c:18:12: note: in expansion of macro 'JG02_TIM_Pin'
   18 |            JG02_TIM_Pin,
      |            ^~~~~~~~~~~~
../Drivers/STM32F4xx_HAL_Driver/Inc/stm32f4xx_hal_gpio.h:99:36: warning: initialization of 'uint16_t *' {aka 'short unsigned int *'} from 'short unsigned int' makes pointer from integer without a cast [-Wint-conversion]
   99 | #define GPIO_PIN_13                ((uint16_t)0x2000)  /* Pin 13 selected   */
      |                                    ^
../Core/Inc/main.h:96:22: note: in expansion of macro 'GPIO_PIN_13'
   96 | #define LD01_TIM_Pin GPIO_PIN_13
      |                      ^~~~~~~~~~~
../XEstation_Library/Src/User_HC_SR04.c:19:12: note: in expansion of macro 'LD01_TIM_Pin'
   19 |            LD01_TIM_Pin,
      |            ^~~~~~~~~~~~
../Drivers/STM32F4xx_HAL_Driver/Inc/stm32f4xx_hal_gpio.h:99:36: note: (near initialization for 'HCSR04_TIMER_Pin[5]')
   99 | #define GPIO_PIN_13                ((uint16_t)0x2000)  /* Pin 13 selected   */
      |                                    ^
../Core/Inc/main.h:96:22: note: in expansion of macro 'GPIO_PIN_13'
   96 | #define LD01_TIM_Pin GPIO_PIN_13
      |                      ^~~~~~~~~~~
../XEstation_Library/Src/User_HC_SR04.c:19:12: note: in expansion of macro 'LD01_TIM_Pin'
   19 |            LD01_TIM_Pin,
      |            ^~~~~~~~~~~~
../Drivers/STM32F4xx_HAL_Driver/Inc/stm32f4xx_hal_gpio.h:95:36: warning: initialization of 'uint16_t *' {aka 'short unsigned int *'} from 'short unsigned int' makes pointer from integer without a cast [-Wint-conversion]
   95 | #define GPIO_PIN_9                 ((uint16_t)0x0200)  /* Pin 9 selected    */
      |                                    ^
../Core/Inc/main.h:88:22: note: in expansion of macro 'GPIO_PIN_9'
   88 | #define JG01_TIM_Pin GPIO_PIN_9
      |                      ^~~~~~~~~~
../XEstation_Library/Src/User_HC_SR04.c:20:12: note: in expansion of macro 'JG01_TIM_Pin'
   20 |            JG01_TIM_Pin,
      |            ^~~~~~~~~~~~
../Drivers/STM32F4xx_HAL_Driver/Inc/stm32f4xx_hal_gpio.h:95:36: note: (near initialization for 'HCSR04_TIMER_Pin[6]')
   95 | #define GPIO_PIN_9                 ((uint16_t)0x0200)  /* Pin 9 selected    */
      |                                    ^
../Core/Inc/main.h:88:22: note: in expansion of macro 'GPIO_PIN_9'
   88 | #define JG01_TIM_Pin GPIO_PIN_9
      |                      ^~~~~~~~~~
../XEstation_Library/Src/User_HC_SR04.c:20:12: note: in expansion of macro 'JG01_TIM_Pin'
   20 |            JG01_TIM_Pin,
      |            ^~~~~~~~~~~~
../Drivers/STM32F4xx_HAL_Driver/Inc/stm32f4xx_hal_gpio.h:97:36: warning: initialization of 'uint16_t *' {aka 'short unsigned int *'} from 'short unsigned int' makes pointer from integer without a cast [-Wint-conversion]
   97 | #define GPIO_PIN_11                ((uint16_t)0x0800)  /* Pin 11 selected   */
      |                                    ^
../Core/Inc/main.h:92:22: note: in expansion of macro 'GPIO_PIN_11'
   92 | #define JG02_TIM_Pin GPIO_PIN_11
      |                      ^~~~~~~~~~~
../XEstation_Library/Src/User_HC_SR04.c:21:12: note: in expansion of macro 'JG02_TIM_Pin'
   21 |            JG02_TIM_Pin};
      |            ^~~~~~~~~~~~
../Drivers/STM32F4xx_HAL_Driver/Inc/stm32f4xx_hal_gpio.h:97:36: note: (near initialization for 'HCSR04_TIMER_Pin[7]')
   97 | #define GPIO_PIN_11                ((uint16_t)0x0800)  /* Pin 11 selected   */
      |                                    ^
../Core/Inc/main.h:92:22: note: in expansion of macro 'GPIO_PIN_11'
   92 | #define JG02_TIM_Pin GPIO_PIN_11
      |                      ^~~~~~~~~~~
../XEstation_Library/Src/User_HC_SR04.c:21:12: note: in expansion of macro 'JG02_TIM_Pin'
   21 |            JG02_TIM_Pin};
      |            ^~~~~~~~~~~~
../XEstation_Library/Src/User_HC_SR04.c: In function 'HAL_TIM_IC_CaptureCallback':
../XEstation_Library/Src/User_HC_SR04.c:39:7: warning: unused variable 'a' [-Wunused-variable]
   39 |   int a = 1;
      |       ^
../XEstation_Library/Src/User_HC_SR04.c:41:20: warning: suggest parentheses around comparison in operand of '|' [-Wparentheses]
   41 |  if (htim->Channel == HAL_TIM_ACTIVE_CHANNEL_1 |
      |      ~~~~~~~~~~~~~~^~~~~~~~~~~~~~~~~~~~~~~~~~~
../XEstation_Library/Src/User_HC_SR04.c:43:17: warning: suggest parentheses around comparison in operand of '|' [-Wparentheses]
   43 |   htim->Channel == HAL_TIM_ACTIVE_CHANNEL_3)
      |   ~~~~~~~~~~~~~~^~~~~~~~~~~~~~~~~~~~~~~~~~~
../XEstation_Library/Src/User_HC_SR04.c: In function 'HCSR04_Read':
../XEstation_Library/Src/User_HC_SR04.c:73:64: warning: passing argument 2 of 'HAL_GPIO_WritePin' makes integer from pointer without a cast [-Wint-conversion]
   73 |  HAL_GPIO_WritePin(HCSR04_TIMER_GPIO_Port[ID], HCSR04_TIMER_Pin[ID], GPIO_PIN_SET);    // TRIG set to HIGH
      |                                                ~~~~~~~~~~~~~~~~^~~~
      |                                                                |
      |                                                                uint16_t * {aka short unsigned int *}
In file included from ../Core/Inc/stm32f4xx_hal_conf.h:278,
                 from ../Drivers/STM32F4xx_HAL_Driver/Inc/stm32f4xx_hal.h:30,
                 from ../Core/Inc/main.h:31,
                 from C:/Users/Ethan/Documents/stm32/XE_Station_EmbeddedSystem/XEstation_InventoryManagement/XEstation_Library/Inc/User_HC_SR04.h:8,
                 from ../XEstation_Library/Src/User_HC_SR04.c:4:
../Drivers/STM32F4xx_HAL_Driver/Inc/stm32f4xx_hal_gpio.h:236:54: note: expected 'uint16_t' {aka 'short unsigned int'} but argument is of type 'uint16_t *' {aka 'short unsigned int *'}
  236 | void HAL_GPIO_WritePin(GPIO_TypeDef* GPIOx, uint16_t GPIO_Pin, GPIO_PinState PinState);
      |                                             ~~~~~~~~~^~~~~~~~
../XEstation_Library/Src/User_HC_SR04.c:75:64: warning: passing argument 2 of 'HAL_GPIO_WritePin' makes integer from pointer without a cast [-Wint-conversion]
   75 |  HAL_GPIO_WritePin(HCSR04_TIMER_GPIO_Port[ID], HCSR04_TIMER_Pin[ID], GPIO_PIN_RESET);  // TRIG set to LOW
      |                                                ~~~~~~~~~~~~~~~~^~~~
      |                                                                |
      |                                                                uint16_t * {aka short unsigned int *}
In file included from ../Core/Inc/stm32f4xx_hal_conf.h:278,
                 from ../Drivers/STM32F4xx_HAL_Driver/Inc/stm32f4xx_hal.h:30,
                 from ../Core/Inc/main.h:31,
                 from C:/Users/Ethan/Documents/stm32/XE_Station_EmbeddedSystem/XEstation_InventoryManagement/XEstation_Library/Inc/User_HC_SR04.h:8,
                 from ../XEstation_Library/Src/User_HC_SR04.c:4:
../Drivers/STM32F4xx_HAL_Driver/Inc/stm32f4xx_hal_gpio.h:236:54: note: expected 'uint16_t' {aka 'short unsigned int'} but argument is of type 'uint16_t *' {aka 'short unsigned int *'}
  236 | void HAL_GPIO_WritePin(GPIO_TypeDef* GPIOx, uint16_t GPIO_Pin, GPIO_PinState PinState);
      |                                             ~~~~~~~~~^~~~~~~~
../XEstation_Library/Src/User_HC_SR04.c:88:20: warning: suggest parentheses around comparison in operand of '|' [-Wparentheses]
   88 |  else if(sensor_id == CKJG01 | sensor_id == CJL01){
../XEstation_Library/Src/User_HC_SR04.c:91:20: warning: suggest parentheses around comparison in operand of '|' [-Wparentheses]
   91 |  else if(sensor_id == CKJG02 | sensor_id == CJL02){
../XEstation_Library/Src/User_Lidar.c: In function 'requestPacket':
../XEstation_Library/Src/User_Lidar.c:122:10: warning: unused variable 'tmpBuf' [-Wunused-variable]
  122 |  uint8_t tmpBuf[15] = {0,};
      |          ^~~~~~
arm-none-eabi-gcc -o "XEstation_InventoryManagement.elf" @"objects.list"   -mcpu=cortex-m4 -T"C:\Users\Ethan\Documents\stm32\XE_Station_EmbeddedSystem\XEstation_InventoryManagement\STM32F429ZITX_FLASH.ld" --specs=nosys.specs -Wl,-Map="XEstation_InventoryManagement.map" -Wl,--gc-sections -static --specs=nano.specs -mfpu=fpv4-sp-d16 -mfloat-abi=hard -mthumb -u _printf_float -Wl,--start-group -lc -lm -Wl,--end-group
Finished building target: XEstation_InventoryManagement.elf
 
arm-none-eabi-size   XEstation_InventoryManagement.elf 
arm-none-eabi-objdump -h -S  XEstation_InventoryManagement.elf  > "XEstation_InventoryManagement.list"
   text	   data	    bss	    dec	    hex	filename
  31760	    484	   2508	  34752	   87c0	XEstation_InventoryManagement.elf
arm-none-eabi-objcopy  -O binary  XEstation_InventoryManagement.elf  "XEstation_InventoryManagement.bin"
Finished building: default.size.stdout
 
Finished building: XEstation_InventoryManagement.list
Finished building: XEstation_InventoryManagement.bin
 
 
15:23:58 **** Incremental Build of configuration Debug for project XEstation_InventoryManagement ****
make -j8 all 
arm-none-eabi-gcc "../XEstation_Library/Src/User_Lidar.c" -mcpu=cortex-m4 -std=gnu11 -g3 -DDEBUG -DUSE_HAL_DRIVER -DSTM32F429xx -c -I../Core/Inc -I../Drivers/STM32F4xx_HAL_Driver/Inc -I../Drivers/STM32F4xx_HAL_Driver/Inc/Legacy -I../Drivers/CMSIS/Device/ST/STM32F4xx/Include -I../Drivers/CMSIS/Include -I"C:/Users/Ethan/Documents/stm32/XE_Station_EmbeddedSystem/XEstation_InventoryManagement/XEstation_Library/Inc" -O0 -ffunction-sections -fdata-sections -Wall -fstack-usage -MMD -MP -MF"XEstation_Library/Src/User_Lidar.d" -MT"XEstation_Library/Src/User_Lidar.o" --specs=nano.specs -mfpu=fpv4-sp-d16 -mfloat-abi=hard -mthumb -o "XEstation_Library/Src/User_Lidar.o"
arm-none-eabi-gcc "../Core/Src/main.c" -mcpu=cortex-m4 -std=gnu11 -g3 -DDEBUG -DUSE_HAL_DRIVER -DSTM32F429xx -c -I../Core/Inc -I../Drivers/STM32F4xx_HAL_Driver/Inc -I../Drivers/STM32F4xx_HAL_Driver/Inc/Legacy -I../Drivers/CMSIS/Device/ST/STM32F4xx/Include -I../Drivers/CMSIS/Include -I"C:/Users/Ethan/Documents/stm32/XE_Station_EmbeddedSystem/XEstation_InventoryManagement/XEstation_Library/Inc" -O0 -ffunction-sections -fdata-sections -Wall -fstack-usage -MMD -MP -MF"Core/Src/main.d" -MT"Core/Src/main.o" --specs=nano.specs -mfpu=fpv4-sp-d16 -mfloat-abi=hard -mthumb -o "Core/Src/main.o"
../XEstation_Library/Src/User_Lidar.c: In function 'requestPacket':
../XEstation_Library/Src/User_Lidar.c:122:10: warning: unused variable 'tmpBuf' [-Wunused-variable]
  122 |  uint8_t tmpBuf[15] = {0,};
      |          ^~~~~~
arm-none-eabi-gcc -o "XEstation_InventoryManagement.elf" @"objects.list"   -mcpu=cortex-m4 -T"C:\Users\Ethan\Documents\stm32\XE_Station_EmbeddedSystem\XEstation_InventoryManagement\STM32F429ZITX_FLASH.ld" --specs=nosys.specs -Wl,-Map="XEstation_InventoryManagement.map" -Wl,--gc-sections -static --specs=nano.specs -mfpu=fpv4-sp-d16 -mfloat-abi=hard -mthumb -u _printf_float -Wl,--start-group -lc -lm -Wl,--end-group
Finished building target: XEstation_InventoryManagement.elf
 
arm-none-eabi-size   XEstation_InventoryManagement.elf 
arm-none-eabi-objdump -h -S  XEstation_InventoryManagement.elf  > "XEstation_InventoryManagement.list"
   text	   data	    bss	    dec	    hex	filename
  31752	    484	   2508	  34744	   87b8	XEstation_InventoryManagement.elf
arm-none-eabi-objcopy  -O binary  XEstation_InventoryManagement.elf  "XEstation_InventoryManagement.bin"
Finished building: default.size.stdout
 
Finished building: XEstation_InventoryManagement.list
Finished building: XEstation_InventoryManagement.bin
 
 
15:26:37 **** Incremental Build of configuration Debug for project XEstation_InventoryManagement ****
make -j8 all 
arm-none-eabi-gcc "../XEstation_Library/Src/User_Lidar.c" -mcpu=cortex-m4 -std=gnu11 -g3 -DDEBUG -DUSE_HAL_DRIVER -DSTM32F429xx -c -I../Core/Inc -I../Drivers/STM32F4xx_HAL_Driver/Inc -I../Drivers/STM32F4xx_HAL_Driver/Inc/Legacy -I../Drivers/CMSIS/Device/ST/STM32F4xx/Include -I../Drivers/CMSIS/Include -I"C:/Users/Ethan/Documents/stm32/XE_Station_EmbeddedSystem/XEstation_InventoryManagement/XEstation_Library/Inc" -O0 -ffunction-sections -fdata-sections -Wall -fstack-usage -MMD -MP -MF"XEstation_Library/Src/User_Lidar.d" -MT"XEstation_Library/Src/User_Lidar.o" --specs=nano.specs -mfpu=fpv4-sp-d16 -mfloat-abi=hard -mthumb -o "XEstation_Library/Src/User_Lidar.o"
../XEstation_Library/Src/User_Lidar.c: In function 'requestPacket':
../XEstation_Library/Src/User_Lidar.c:122:10: warning: unused variable 'tmpBuf' [-Wunused-variable]
  122 |  uint8_t tmpBuf[15] = {0,};
      |          ^~~~~~
arm-none-eabi-gcc -o "XEstation_InventoryManagement.elf" @"objects.list"   -mcpu=cortex-m4 -T"C:\Users\Ethan\Documents\stm32\XE_Station_EmbeddedSystem\XEstation_InventoryManagement\STM32F429ZITX_FLASH.ld" --specs=nosys.specs -Wl,-Map="XEstation_InventoryManagement.map" -Wl,--gc-sections -static --specs=nano.specs -mfpu=fpv4-sp-d16 -mfloat-abi=hard -mthumb -u _printf_float -Wl,--start-group -lc -lm -Wl,--end-group
Finished building target: XEstation_InventoryManagement.elf
 
arm-none-eabi-size   XEstation_InventoryManagement.elf 
arm-none-eabi-objdump -h -S  XEstation_InventoryManagement.elf  > "XEstation_InventoryManagement.list"
   text	   data	    bss	    dec	    hex	filename
  31760	    484	   3308	  35552	   8ae0	XEstation_InventoryManagement.elf
arm-none-eabi-objcopy  -O binary  XEstation_InventoryManagement.elf  "XEstation_InventoryManagement.bin"
Finished building: default.size.stdout
 
Finished building: XEstation_InventoryManagement.list
Finished building: XEstation_InventoryManagement.bin
 
 
15:32:54 **** Incremental Build of configuration Debug for project XEstation_InventoryManagement ****
make -j8 all 
arm-none-eabi-gcc "../XEstation_Library/Src/User_HC_SR04.c" -mcpu=cortex-m4 -std=gnu11 -g3 -DDEBUG -DUSE_HAL_DRIVER -DSTM32F429xx -c -I../Core/Inc -I../Drivers/STM32F4xx_HAL_Driver/Inc -I../Drivers/STM32F4xx_HAL_Driver/Inc/Legacy -I../Drivers/CMSIS/Device/ST/STM32F4xx/Include -I../Drivers/CMSIS/Include -I"C:/Users/Ethan/Documents/stm32/XE_Station_EmbeddedSystem/XEstation_InventoryManagement/XEstation_Library/Inc" -O0 -ffunction-sections -fdata-sections -Wall -fstack-usage -MMD -MP -MF"XEstation_Library/Src/User_HC_SR04.d" -MT"XEstation_Library/Src/User_HC_SR04.o" --specs=nano.specs -mfpu=fpv4-sp-d16 -mfloat-abi=hard -mthumb -o "XEstation_Library/Src/User_HC_SR04.o"
arm-none-eabi-gcc "../XEstation_Library/Src/User_Lidar.c" -mcpu=cortex-m4 -std=gnu11 -g3 -DDEBUG -DUSE_HAL_DRIVER -DSTM32F429xx -c -I../Core/Inc -I../Drivers/STM32F4xx_HAL_Driver/Inc -I../Drivers/STM32F4xx_HAL_Driver/Inc/Legacy -I../Drivers/CMSIS/Device/ST/STM32F4xx/Include -I../Drivers/CMSIS/Include -I"C:/Users/Ethan/Documents/stm32/XE_Station_EmbeddedSystem/XEstation_InventoryManagement/XEstation_Library/Inc" -O0 -ffunction-sections -fdata-sections -Wall -fstack-usage -MMD -MP -MF"XEstation_Library/Src/User_Lidar.d" -MT"XEstation_Library/Src/User_Lidar.o" --specs=nano.specs -mfpu=fpv4-sp-d16 -mfloat-abi=hard -mthumb -o "XEstation_Library/Src/User_Lidar.o"
arm-none-eabi-gcc "../XEstation_Library/Src/User_PC_serial.c" -mcpu=cortex-m4 -std=gnu11 -g3 -DDEBUG -DUSE_HAL_DRIVER -DSTM32F429xx -c -I../Core/Inc -I../Drivers/STM32F4xx_HAL_Driver/Inc -I../Drivers/STM32F4xx_HAL_Driver/Inc/Legacy -I../Drivers/CMSIS/Device/ST/STM32F4xx/Include -I../Drivers/CMSIS/Include -I"C:/Users/Ethan/Documents/stm32/XE_Station_EmbeddedSystem/XEstation_InventoryManagement/XEstation_Library/Inc" -O0 -ffunction-sections -fdata-sections -Wall -fstack-usage -MMD -MP -MF"XEstation_Library/Src/User_PC_serial.d" -MT"XEstation_Library/Src/User_PC_serial.o" --specs=nano.specs -mfpu=fpv4-sp-d16 -mfloat-abi=hard -mthumb -o "XEstation_Library/Src/User_PC_serial.o"
arm-none-eabi-gcc "../XEstation_Library/Src/User_TFminiS.c" -mcpu=cortex-m4 -std=gnu11 -g3 -DDEBUG -DUSE_HAL_DRIVER -DSTM32F429xx -c -I../Core/Inc -I../Drivers/STM32F4xx_HAL_Driver/Inc -I../Drivers/STM32F4xx_HAL_Driver/Inc/Legacy -I../Drivers/CMSIS/Device/ST/STM32F4xx/Include -I../Drivers/CMSIS/Include -I"C:/Users/Ethan/Documents/stm32/XE_Station_EmbeddedSystem/XEstation_InventoryManagement/XEstation_Library/Inc" -O0 -ffunction-sections -fdata-sections -Wall -fstack-usage -MMD -MP -MF"XEstation_Library/Src/User_TFminiS.d" -MT"XEstation_Library/Src/User_TFminiS.o" --specs=nano.specs -mfpu=fpv4-sp-d16 -mfloat-abi=hard -mthumb -o "XEstation_Library/Src/User_TFminiS.o"
arm-none-eabi-gcc "../XEstation_Library/Src/User_hx711.c" -mcpu=cortex-m4 -std=gnu11 -g3 -DDEBUG -DUSE_HAL_DRIVER -DSTM32F429xx -c -I../Core/Inc -I../Drivers/STM32F4xx_HAL_Driver/Inc -I../Drivers/STM32F4xx_HAL_Driver/Inc/Legacy -I../Drivers/CMSIS/Device/ST/STM32F4xx/Include -I../Drivers/CMSIS/Include -I"C:/Users/Ethan/Documents/stm32/XE_Station_EmbeddedSystem/XEstation_InventoryManagement/XEstation_Library/Inc" -O0 -ffunction-sections -fdata-sections -Wall -fstack-usage -MMD -MP -MF"XEstation_Library/Src/User_hx711.d" -MT"XEstation_Library/Src/User_hx711.o" --specs=nano.specs -mfpu=fpv4-sp-d16 -mfloat-abi=hard -mthumb -o "XEstation_Library/Src/User_hx711.o"
arm-none-eabi-gcc "../XEstation_Library/Src/hx711.c" -mcpu=cortex-m4 -std=gnu11 -g3 -DDEBUG -DUSE_HAL_DRIVER -DSTM32F429xx -c -I../Core/Inc -I../Drivers/STM32F4xx_HAL_Driver/Inc -I../Drivers/STM32F4xx_HAL_Driver/Inc/Legacy -I../Drivers/CMSIS/Device/ST/STM32F4xx/Include -I../Drivers/CMSIS/Include -I"C:/Users/Ethan/Documents/stm32/XE_Station_EmbeddedSystem/XEstation_InventoryManagement/XEstation_Library/Inc" -O0 -ffunction-sections -fdata-sections -Wall -fstack-usage -MMD -MP -MF"XEstation_Library/Src/hx711.d" -MT"XEstation_Library/Src/hx711.o" --specs=nano.specs -mfpu=fpv4-sp-d16 -mfloat-abi=hard -mthumb -o "XEstation_Library/Src/hx711.o"
arm-none-eabi-gcc "../Drivers/STM32F4xx_HAL_Driver/Src/stm32f4xx_hal.c" -mcpu=cortex-m4 -std=gnu11 -g3 -DDEBUG -DUSE_HAL_DRIVER -DSTM32F429xx -c -I../Core/Inc -I../Drivers/STM32F4xx_HAL_Driver/Inc -I../Drivers/STM32F4xx_HAL_Driver/Inc/Legacy -I../Drivers/CMSIS/Device/ST/STM32F4xx/Include -I../Drivers/CMSIS/Include -I"C:/Users/Ethan/Documents/stm32/XE_Station_EmbeddedSystem/XEstation_InventoryManagement/XEstation_Library/Inc" -O0 -ffunction-sections -fdata-sections -Wall -fstack-usage -MMD -MP -MF"Drivers/STM32F4xx_HAL_Driver/Src/stm32f4xx_hal.d" -MT"Drivers/STM32F4xx_HAL_Driver/Src/stm32f4xx_hal.o" --specs=nano.specs -mfpu=fpv4-sp-d16 -mfloat-abi=hard -mthumb -o "Drivers/STM32F4xx_HAL_Driver/Src/stm32f4xx_hal.o"
arm-none-eabi-gcc "../Drivers/STM32F4xx_HAL_Driver/Src/stm32f4xx_hal_cortex.c" -mcpu=cortex-m4 -std=gnu11 -g3 -DDEBUG -DUSE_HAL_DRIVER -DSTM32F429xx -c -I../Core/Inc -I../Drivers/STM32F4xx_HAL_Driver/Inc -I../Drivers/STM32F4xx_HAL_Driver/Inc/Legacy -I../Drivers/CMSIS/Device/ST/STM32F4xx/Include -I../Drivers/CMSIS/Include -I"C:/Users/Ethan/Documents/stm32/XE_Station_EmbeddedSystem/XEstation_InventoryManagement/XEstation_Library/Inc" -O0 -ffunction-sections -fdata-sections -Wall -fstack-usage -MMD -MP -MF"Drivers/STM32F4xx_HAL_Driver/Src/stm32f4xx_hal_cortex.d" -MT"Drivers/STM32F4xx_HAL_Driver/Src/stm32f4xx_hal_cortex.o" --specs=nano.specs -mfpu=fpv4-sp-d16 -mfloat-abi=hard -mthumb -o "Drivers/STM32F4xx_HAL_Driver/Src/stm32f4xx_hal_cortex.o"
In file included from ../Core/Inc/stm32f4xx_hal_conf.h:278,
                 from ../Drivers/STM32F4xx_HAL_Driver/Inc/stm32f4xx_hal.h:30,
                 from ../Core/Inc/main.h:31,
                 from C:/Users/Ethan/Documents/stm32/XE_Station_EmbeddedSystem/XEstation_InventoryManagement/XEstation_Library/Inc/User_HC_SR04.h:8,
                 from ../XEstation_Library/Src/User_HC_SR04.c:4:
../Drivers/STM32F4xx_HAL_Driver/Inc/stm32f4xx_hal_gpio.h:91:36: warning: initialization of 'uint16_t *' {aka 'short unsigned int *'} from 'short unsigned int' makes pointer from integer without a cast [-Wint-conversion]
   91 | #define GPIO_PIN_5                 ((uint16_t)0x0020)  /* Pin 5 selected    */
      |                                    ^
../Core/Inc/main.h:124:22: note: in expansion of macro 'GPIO_PIN_5'
  124 | #define CP01_TIM_Pin GPIO_PIN_5
      |                      ^~~~~~~~~~
../XEstation_Library/Src/User_HC_SR04.c:14:38: note: in expansion of macro 'CP01_TIM_Pin'
   14 | uint16_t* HCSR04_TIMER_Pin[] =      {CP01_TIM_Pin,
      |                                      ^~~~~~~~~~~~
../Drivers/STM32F4xx_HAL_Driver/Inc/stm32f4xx_hal_gpio.h:91:36: note: (near initialization for 'HCSR04_TIMER_Pin[0]')
   91 | #define GPIO_PIN_5                 ((uint16_t)0x0020)  /* Pin 5 selected    */
      |                                    ^
../Core/Inc/main.h:124:22: note: in expansion of macro 'GPIO_PIN_5'
  124 | #define CP01_TIM_Pin GPIO_PIN_5
      |                      ^~~~~~~~~~
../XEstation_Library/Src/User_HC_SR04.c:14:38: note: in expansion of macro 'CP01_TIM_Pin'
   14 | uint16_t* HCSR04_TIMER_Pin[] =      {CP01_TIM_Pin,
      |                                      ^~~~~~~~~~~~
../Drivers/STM32F4xx_HAL_Driver/Inc/stm32f4xx_hal_gpio.h:90:36: warning: initialization of 'uint16_t *' {aka 'short unsigned int *'} from 'short unsigned int' makes pointer from integer without a cast [-Wint-conversion]
   90 | #define GPIO_PIN_4                 ((uint16_t)0x0010)  /* Pin 4 selected    */
      |                                    ^
../Core/Inc/main.h:122:22: note: in expansion of macro 'GPIO_PIN_4'
  122 | #define CF01_TIM_Pin GPIO_PIN_4
      |                      ^~~~~~~~~~
../XEstation_Library/Src/User_HC_SR04.c:15:12: note: in expansion of macro 'CF01_TIM_Pin'
   15 |            CF01_TIM_Pin,
      |            ^~~~~~~~~~~~
../Drivers/STM32F4xx_HAL_Driver/Inc/stm32f4xx_hal_gpio.h:90:36: note: (near initialization for 'HCSR04_TIMER_Pin[1]')
   90 | #define GPIO_PIN_4                 ((uint16_t)0x0010)  /* Pin 4 selected    */
      |                                    ^
../Core/Inc/main.h:122:22: note: in expansion of macro 'GPIO_PIN_4'
  122 | #define CF01_TIM_Pin GPIO_PIN_4
      |                      ^~~~~~~~~~
../XEstation_Library/Src/User_HC_SR04.c:15:12: note: in expansion of macro 'CF01_TIM_Pin'
   15 |            CF01_TIM_Pin,
      |            ^~~~~~~~~~~~
../Drivers/STM32F4xx_HAL_Driver/Inc/stm32f4xx_hal_gpio.h:89:36: warning: initialization of 'uint16_t *' {aka 'short unsigned int *'} from 'short unsigned int' makes pointer from integer without a cast [-Wint-conversion]
   89 | #define GPIO_PIN_3                 ((uint16_t)0x0008)  /* Pin 3 selected    */
      |                                    ^
../Core/Inc/main.h:120:22: note: in expansion of macro 'GPIO_PIN_3'
  120 | #define PD01_TIM_Pin GPIO_PIN_3
      |                      ^~~~~~~~~~
../XEstation_Library/Src/User_HC_SR04.c:16:12: note: in expansion of macro 'PD01_TIM_Pin'
   16 |            PD01_TIM_Pin,
      |            ^~~~~~~~~~~~
../Drivers/STM32F4xx_HAL_Driver/Inc/stm32f4xx_hal_gpio.h:89:36: note: (near initialization for 'HCSR04_TIMER_Pin[2]')
   89 | #define GPIO_PIN_3                 ((uint16_t)0x0008)  /* Pin 3 selected    */
      |                                    ^
../Core/Inc/main.h:120:22: note: in expansion of macro 'GPIO_PIN_3'
  120 | #define PD01_TIM_Pin GPIO_PIN_3
      |                      ^~~~~~~~~~
../XEstation_Library/Src/User_HC_SR04.c:16:12: note: in expansion of macro 'PD01_TIM_Pin'
   16 |            PD01_TIM_Pin,
      |            ^~~~~~~~~~~~
../Drivers/STM32F4xx_HAL_Driver/Inc/stm32f4xx_hal_gpio.h:95:36: warning: initialization of 'uint16_t *' {aka 'short unsigned int *'} from 'short unsigned int' makes pointer from integer without a cast [-Wint-conversion]
   95 | #define GPIO_PIN_9                 ((uint16_t)0x0200)  /* Pin 9 selected    */
      |                                    ^
../Core/Inc/main.h:88:22: note: in expansion of macro 'GPIO_PIN_9'
   88 | #define JG01_TIM_Pin GPIO_PIN_9
      |                      ^~~~~~~~~~
../XEstation_Library/Src/User_HC_SR04.c:17:12: note: in expansion of macro 'JG01_TIM_Pin'
   17 |            JG01_TIM_Pin,
      |            ^~~~~~~~~~~~
../Drivers/STM32F4xx_HAL_Driver/Inc/stm32f4xx_hal_gpio.h:95:36: note: (near initialization for 'HCSR04_TIMER_Pin[3]')
   95 | #define GPIO_PIN_9                 ((uint16_t)0x0200)  /* Pin 9 selected    */
      |                                    ^
../Core/Inc/main.h:88:22: note: in expansion of macro 'GPIO_PIN_9'
   88 | #define JG01_TIM_Pin GPIO_PIN_9
      |                      ^~~~~~~~~~
../XEstation_Library/Src/User_HC_SR04.c:17:12: note: in expansion of macro 'JG01_TIM_Pin'
   17 |            JG01_TIM_Pin,
      |            ^~~~~~~~~~~~
../Drivers/STM32F4xx_HAL_Driver/Inc/stm32f4xx_hal_gpio.h:97:36: warning: initialization of 'uint16_t *' {aka 'short unsigned int *'} from 'short unsigned int' makes pointer from integer without a cast [-Wint-conversion]
   97 | #define GPIO_PIN_11                ((uint16_t)0x0800)  /* Pin 11 selected   */
      |                                    ^
../Core/Inc/main.h:92:22: note: in expansion of macro 'GPIO_PIN_11'
   92 | #define JG02_TIM_Pin GPIO_PIN_11
      |                      ^~~~~~~~~~~
../XEstation_Library/Src/User_HC_SR04.c:18:12: note: in expansion of macro 'JG02_TIM_Pin'
   18 |            JG02_TIM_Pin,
      |            ^~~~~~~~~~~~
../Drivers/STM32F4xx_HAL_Driver/Inc/stm32f4xx_hal_gpio.h:97:36: note: (near initialization for 'HCSR04_TIMER_Pin[4]')
   97 | #define GPIO_PIN_11                ((uint16_t)0x0800)  /* Pin 11 selected   */
      |                                    ^
../Core/Inc/main.h:92:22: note: in expansion of macro 'GPIO_PIN_11'
   92 | #define JG02_TIM_Pin GPIO_PIN_11
      |                      ^~~~~~~~~~~
../XEstation_Library/Src/User_HC_SR04.c:18:12: note: in expansion of macro 'JG02_TIM_Pin'
   18 |            JG02_TIM_Pin,
      |            ^~~~~~~~~~~~
../Drivers/STM32F4xx_HAL_Driver/Inc/stm32f4xx_hal_gpio.h:99:36: warning: initialization of 'uint16_t *' {aka 'short unsigned int *'} from 'short unsigned int' makes pointer from integer without a cast [-Wint-conversion]
   99 | #define GPIO_PIN_13                ((uint16_t)0x2000)  /* Pin 13 selected   */
      |                                    ^
../Core/Inc/main.h:96:22: note: in expansion of macro 'GPIO_PIN_13'
   96 | #define LD01_TIM_Pin GPIO_PIN_13
      |                      ^~~~~~~~~~~
../XEstation_Library/Src/User_HC_SR04.c:19:12: note: in expansion of macro 'LD01_TIM_Pin'
   19 |            LD01_TIM_Pin,
      |            ^~~~~~~~~~~~
../Drivers/STM32F4xx_HAL_Driver/Inc/stm32f4xx_hal_gpio.h:99:36: note: (near initialization for 'HCSR04_TIMER_Pin[5]')
   99 | #define GPIO_PIN_13                ((uint16_t)0x2000)  /* Pin 13 selected   */
      |                                    ^
../Core/Inc/main.h:96:22: note: in expansion of macro 'GPIO_PIN_13'
   96 | #define LD01_TIM_Pin GPIO_PIN_13
      |                      ^~~~~~~~~~~
../XEstation_Library/Src/User_HC_SR04.c:19:12: note: in expansion of macro 'LD01_TIM_Pin'
   19 |            LD01_TIM_Pin,
      |            ^~~~~~~~~~~~
../Drivers/STM32F4xx_HAL_Driver/Inc/stm32f4xx_hal_gpio.h:95:36: warning: initialization of 'uint16_t *' {aka 'short unsigned int *'} from 'short unsigned int' makes pointer from integer without a cast [-Wint-conversion]
   95 | #define GPIO_PIN_9                 ((uint16_t)0x0200)  /* Pin 9 selected    */
      |                                    ^
../Core/Inc/main.h:88:22: note: in expansion of macro 'GPIO_PIN_9'
   88 | #define JG01_TIM_Pin GPIO_PIN_9
      |                      ^~~~~~~~~~
../XEstation_Library/Src/User_HC_SR04.c:20:12: note: in expansion of macro 'JG01_TIM_Pin'
   20 |            JG01_TIM_Pin,
      |            ^~~~~~~~~~~~
../Drivers/STM32F4xx_HAL_Driver/Inc/stm32f4xx_hal_gpio.h:95:36: note: (near initialization for 'HCSR04_TIMER_Pin[6]')
   95 | #define GPIO_PIN_9                 ((uint16_t)0x0200)  /* Pin 9 selected    */
      |                                    ^
../Core/Inc/main.h:88:22: note: in expansion of macro 'GPIO_PIN_9'
   88 | #define JG01_TIM_Pin GPIO_PIN_9
      |                      ^~~~~~~~~~
../XEstation_Library/Src/User_HC_SR04.c:20:12: note: in expansion of macro 'JG01_TIM_Pin'
   20 |            JG01_TIM_Pin,
      |            ^~~~~~~~~~~~
../Drivers/STM32F4xx_HAL_Driver/Inc/stm32f4xx_hal_gpio.h:97:36: warning: initialization of 'uint16_t *' {aka 'short unsigned int *'} from 'short unsigned int' makes pointer from integer without a cast [-Wint-conversion]
   97 | #define GPIO_PIN_11                ((uint16_t)0x0800)  /* Pin 11 selected   */
      |                                    ^
../Core/Inc/main.h:92:22: note: in expansion of macro 'GPIO_PIN_11'
   92 | #define JG02_TIM_Pin GPIO_PIN_11
      |                      ^~~~~~~~~~~
../XEstation_Library/Src/User_HC_SR04.c:21:12: note: in expansion of macro 'JG02_TIM_Pin'
   21 |            JG02_TIM_Pin};
      |            ^~~~~~~~~~~~
../Drivers/STM32F4xx_HAL_Driver/Inc/stm32f4xx_hal_gpio.h:97:36: note: (near initialization for 'HCSR04_TIMER_Pin[7]')
   97 | #define GPIO_PIN_11                ((uint16_t)0x0800)  /* Pin 11 selected   */
      |                                    ^
../Core/Inc/main.h:92:22: note: in expansion of macro 'GPIO_PIN_11'
   92 | #define JG02_TIM_Pin GPIO_PIN_11
      |                      ^~~~~~~~~~~
../XEstation_Library/Src/User_HC_SR04.c:21:12: note: in expansion of macro 'JG02_TIM_Pin'
   21 |            JG02_TIM_Pin};
      |            ^~~~~~~~~~~~
../XEstation_Library/Src/User_HC_SR04.c: In function 'HAL_TIM_IC_CaptureCallback':
../XEstation_Library/Src/User_HC_SR04.c:39:7: warning: unused variable 'a' [-Wunused-variable]
   39 |   int a = 1;
      |       ^
../XEstation_Library/Src/User_HC_SR04.c:41:20: warning: suggest parentheses around comparison in operand of '|' [-Wparentheses]
   41 |  if (htim->Channel == HAL_TIM_ACTIVE_CHANNEL_1 |
      |      ~~~~~~~~~~~~~~^~~~~~~~~~~~~~~~~~~~~~~~~~~
../XEstation_Library/Src/User_HC_SR04.c:43:17: warning: suggest parentheses around comparison in operand of '|' [-Wparentheses]
   43 |   htim->Channel == HAL_TIM_ACTIVE_CHANNEL_3)
      |   ~~~~~~~~~~~~~~^~~~~~~~~~~~~~~~~~~~~~~~~~~
../XEstation_Library/Src/User_HC_SR04.c: In function 'HCSR04_Read':
../XEstation_Library/Src/User_HC_SR04.c:73:64: warning: passing argument 2 of 'HAL_GPIO_WritePin' makes integer from pointer without a cast [-Wint-conversion]
   73 |  HAL_GPIO_WritePin(HCSR04_TIMER_GPIO_Port[ID], HCSR04_TIMER_Pin[ID], GPIO_PIN_SET);    // TRIG set to HIGH
      |                                                ~~~~~~~~~~~~~~~~^~~~
      |                                                                |
      |                                                                uint16_t * {aka short unsigned int *}
In file included from ../Core/Inc/stm32f4xx_hal_conf.h:278,
                 from ../Drivers/STM32F4xx_HAL_Driver/Inc/stm32f4xx_hal.h:30,
                 from ../Core/Inc/main.h:31,
                 from C:/Users/Ethan/Documents/stm32/XE_Station_EmbeddedSystem/XEstation_InventoryManagement/XEstation_Library/Inc/User_HC_SR04.h:8,
                 from ../XEstation_Library/Src/User_HC_SR04.c:4:
../Drivers/STM32F4xx_HAL_Driver/Inc/stm32f4xx_hal_gpio.h:236:54: note: expected 'uint16_t' {aka 'short unsigned int'} but argument is of type 'uint16_t *' {aka 'short unsigned int *'}
  236 | void HAL_GPIO_WritePin(GPIO_TypeDef* GPIOx, uint16_t GPIO_Pin, GPIO_PinState PinState);
      |                                             ~~~~~~~~~^~~~~~~~
../XEstation_Library/Src/User_HC_SR04.c:75:64: warning: passing argument 2 of 'HAL_GPIO_WritePin' makes integer from pointer without a cast [-Wint-conversion]
   75 |  HAL_GPIO_WritePin(HCSR04_TIMER_GPIO_Port[ID], HCSR04_TIMER_Pin[ID], GPIO_PIN_RESET);  // TRIG set to LOW
      |                                                ~~~~~~~~~~~~~~~~^~~~
      |                                                                |
      |                                                                uint16_t * {aka short unsigned int *}
In file included from ../Core/Inc/stm32f4xx_hal_conf.h:278,
                 from ../Drivers/STM32F4xx_HAL_Driver/Inc/stm32f4xx_hal.h:30,
                 from ../Core/Inc/main.h:31,
                 from C:/Users/Ethan/Documents/stm32/XE_Station_EmbeddedSystem/XEstation_InventoryManagement/XEstation_Library/Inc/User_HC_SR04.h:8,
                 from ../XEstation_Library/Src/User_HC_SR04.c:4:
../Drivers/STM32F4xx_HAL_Driver/Inc/stm32f4xx_hal_gpio.h:236:54: note: expected 'uint16_t' {aka 'short unsigned int'} but argument is of type 'uint16_t *' {aka 'short unsigned int *'}
  236 | void HAL_GPIO_WritePin(GPIO_TypeDef* GPIOx, uint16_t GPIO_Pin, GPIO_PinState PinState);
      |                                             ~~~~~~~~~^~~~~~~~
../XEstation_Library/Src/User_HC_SR04.c:88:20: warning: suggest parentheses around comparison in operand of '|' [-Wparentheses]
   88 |  else if(sensor_id == CKJG01 | sensor_id == CJL01){
../XEstation_Library/Src/User_HC_SR04.c:91:20: warning: suggest parentheses around comparison in operand of '|' [-Wparentheses]
   91 |  else if(sensor_id == CKJG02 | sensor_id == CJL02){
../XEstation_Library/Src/User_Lidar.c: In function 'requestPacket':
../XEstation_Library/Src/User_Lidar.c:123:10: warning: unused variable 'tmpBuf' [-Wunused-variable]
  123 |  uint8_t tmpBuf[15] = {0,};
      |          ^~~~~~
arm-none-eabi-gcc "../Drivers/STM32F4xx_HAL_Driver/Src/stm32f4xx_hal_dma.c" -mcpu=cortex-m4 -std=gnu11 -g3 -DDEBUG -DUSE_HAL_DRIVER -DSTM32F429xx -c -I../Core/Inc -I../Drivers/STM32F4xx_HAL_Driver/Inc -I../Drivers/STM32F4xx_HAL_Driver/Inc/Legacy -I../Drivers/CMSIS/Device/ST/STM32F4xx/Include -I../Drivers/CMSIS/Include -I"C:/Users/Ethan/Documents/stm32/XE_Station_EmbeddedSystem/XEstation_InventoryManagement/XEstation_Library/Inc" -O0 -ffunction-sections -fdata-sections -Wall -fstack-usage -MMD -MP -MF"Drivers/STM32F4xx_HAL_Driver/Src/stm32f4xx_hal_dma.d" -MT"Drivers/STM32F4xx_HAL_Driver/Src/stm32f4xx_hal_dma.o" --specs=nano.specs -mfpu=fpv4-sp-d16 -mfloat-abi=hard -mthumb -o "Drivers/STM32F4xx_HAL_Driver/Src/stm32f4xx_hal_dma.o"
arm-none-eabi-gcc "../Drivers/STM32F4xx_HAL_Driver/Src/stm32f4xx_hal_dma_ex.c" -mcpu=cortex-m4 -std=gnu11 -g3 -DDEBUG -DUSE_HAL_DRIVER -DSTM32F429xx -c -I../Core/Inc -I../Drivers/STM32F4xx_HAL_Driver/Inc -I../Drivers/STM32F4xx_HAL_Driver/Inc/Legacy -I../Drivers/CMSIS/Device/ST/STM32F4xx/Include -I../Drivers/CMSIS/Include -I"C:/Users/Ethan/Documents/stm32/XE_Station_EmbeddedSystem/XEstation_InventoryManagement/XEstation_Library/Inc" -O0 -ffunction-sections -fdata-sections -Wall -fstack-usage -MMD -MP -MF"Drivers/STM32F4xx_HAL_Driver/Src/stm32f4xx_hal_dma_ex.d" -MT"Drivers/STM32F4xx_HAL_Driver/Src/stm32f4xx_hal_dma_ex.o" --specs=nano.specs -mfpu=fpv4-sp-d16 -mfloat-abi=hard -mthumb -o "Drivers/STM32F4xx_HAL_Driver/Src/stm32f4xx_hal_dma_ex.o"
../XEstation_Library/Src/User_PC_serial.c: In function 'pcSerialTest':
../XEstation_Library/Src/User_PC_serial.c:47:32: warning: implicit declaration of function 'malloc' [-Wimplicit-function-declaration]
   47 |  uint8_t *data_arr = (uint8_t*)malloc(sizeof(uint8_t) * (len+2));
      |                                ^~~~~~
../XEstation_Library/Src/User_PC_serial.c:47:32: warning: incompatible implicit declaration of built-in function 'malloc'
../XEstation_Library/Src/User_PC_serial.c:5:1: note: include '<stdlib.h>' or provide a declaration of 'malloc'
    4 | #include "User_PC_serial.h"
  +++ |+#include <stdlib.h>
    5 | 
../XEstation_Library/Src/User_PC_serial.c:56:10: warning: comparison between pointer and integer
   56 |   if(buf != NULL){
      |          ^~
../XEstation_Library/Src/User_PC_serial.c:81:2: warning: implicit declaration of function 'free' [-Wimplicit-function-declaration]
   81 |  free(data_arr);
      |  ^~~~
../XEstation_Library/Src/User_PC_serial.c:81:2: warning: incompatible implicit declaration of built-in function 'free'
../XEstation_Library/Src/User_PC_serial.c:81:2: note: include '<stdlib.h>' or provide a declaration of 'free'
../XEstation_Library/Src/User_PC_serial.c:18:10: warning: unused variable 'txbuf' [-Wunused-variable]
   18 |  uint8_t txbuf[16] = {0,};
      |          ^~~~~
../XEstation_Library/Src/User_PC_serial.c:17:10: warning: variable 'rxbuf' set but not used [-Wunused-but-set-variable]
   17 |  uint8_t rxbuf[16] = {0,};
      |          ^~~~~
../XEstation_Library/Src/User_PC_serial.c:16:10: warning: unused variable 'buf2' [-Wunused-variable]
   16 |  uint8_t buf2 = 0;
      |          ^~~~
../XEstation_Library/Src/User_TFminiS.c: In function 'initTFminiS':
../XEstation_Library/Src/User_TFminiS.c:24:10: warning: unused variable 'stock_size_info' [-Wunused-variable]
   24 |  uint8_t stock_size_info[] = {90,90,90,20,20,20,20,20,20,20,20};
      |          ^~~~~~~~~~~~~~~
../XEstation_Library/Src/User_TFminiS.c: In function 'set_thresh':
../XEstation_Library/Src/User_TFminiS.c:39:6: warning: suggest parentheses around assignment used as truth value [-Wparentheses]
   39 |  if (TFminiS_info[ID][_OFFSET] = threashold)
      |      ^~~~~~~~~~~~
../XEstation_Library/Src/User_TFminiS.c: In function 'initPacket':
../XEstation_Library/Src/User_TFminiS.c:64:9: warning: function returns address of local variable [-Wreturn-local-addr]
   64 |  return TFminiS_req_packet_list[mode];
      |         ^~~~~~~~~~~~~~~~~~~~~~~
../XEstation_Library/Src/User_TFminiS.c: In function 'getDistance':
../XEstation_Library/Src/User_TFminiS.c:69:31: warning: initialization of 'uint8_t' {aka 'unsigned char'} from 'uint8_t *' {aka 'unsigned char *'} makes integer from pointer without a cast [-Wint-conversion]
   69 |  uint8_t TFminiS_req_packet = initPacket(OBTAIN_FIRMWARE_VERSION);
      |                               ^~~~~~~~~~
../XEstation_Library/Src/User_TFminiS.c:76:68: warning: passing argument 3 of 'HAL_I2C_Master_Transmit' makes pointer from integer without a cast [-Wint-conversion]
   76 |  uint8_t ret = HAL_I2C_Master_Transmit(&hi2c1, GetAddr(sensor_id), TFminiS_req_packet, sizeof(TFminiS_req_packet), 10);
      |                                                                    ^~~~~~~~~~~~~~~~~~
      |                                                                    |
      |                                                                    uint8_t {aka unsigned char}
In file included from ../Core/Inc/stm32f4xx_hal_conf.h:358,
                 from ../Drivers/STM32F4xx_HAL_Driver/Inc/stm32f4xx_hal.h:30,
                 from ../Core/Inc/main.h:31,
                 from C:/Users/Ethan/Documents/stm32/XE_Station_EmbeddedSystem/XEstation_InventoryManagement/XEstation_Library/Inc/User_TFminiS.h:13,
                 from ../XEstation_Library/Src/User_TFminiS.c:4:
../Drivers/STM32F4xx_HAL_Driver/Inc/stm32f4xx_hal_i2c.h:567:98: note: expected 'uint8_t *' {aka 'unsigned char *'} but argument is of type 'uint8_t' {aka 'unsigned char'}
  567 | HAL_StatusTypeDef HAL_I2C_Master_Transmit(I2C_HandleTypeDef *hi2c, uint16_t DevAddress, uint8_t *pData, uint16_t Size, uint32_t Timeout);
      |                                                                                         ~~~~~~~~~^~~~~
arm-none-eabi-gcc "../Drivers/STM32F4xx_HAL_Driver/Src/stm32f4xx_hal_exti.c" -mcpu=cortex-m4 -std=gnu11 -g3 -DDEBUG -DUSE_HAL_DRIVER -DSTM32F429xx -c -I../Core/Inc -I../Drivers/STM32F4xx_HAL_Driver/Inc -I../Drivers/STM32F4xx_HAL_Driver/Inc/Legacy -I../Drivers/CMSIS/Device/ST/STM32F4xx/Include -I../Drivers/CMSIS/Include -I"C:/Users/Ethan/Documents/stm32/XE_Station_EmbeddedSystem/XEstation_InventoryManagement/XEstation_Library/Inc" -O0 -ffunction-sections -fdata-sections -Wall -fstack-usage -MMD -MP -MF"Drivers/STM32F4xx_HAL_Driver/Src/stm32f4xx_hal_exti.d" -MT"Drivers/STM32F4xx_HAL_Driver/Src/stm32f4xx_hal_exti.o" --specs=nano.specs -mfpu=fpv4-sp-d16 -mfloat-abi=hard -mthumb -o "Drivers/STM32F4xx_HAL_Driver/Src/stm32f4xx_hal_exti.o"
../XEstation_Library/Src/User_hx711.c: In function 'initHx711':
../XEstation_Library/Src/User_hx711.c:13:8: warning: unused variable 'weight' [-Wunused-variable]
   13 |  float weight;
      |        ^~~~~~
../XEstation_Library/Src/User_hx711.c: In function 'get_data':
../XEstation_Library/Src/User_hx711.c:26:21: warning: unused variable 'loadcellB' [-Wunused-variable]
   26 |  hx711_t loadcellA, loadcellB;
      |                     ^~~~~~~~~
../XEstation_Library/Src/User_hx711.c:26:10: warning: unused variable 'loadcellA' [-Wunused-variable]
   26 |  hx711_t loadcellA, loadcellB;
      |          ^~~~~~~~~
arm-none-eabi-gcc "../Drivers/STM32F4xx_HAL_Driver/Src/stm32f4xx_hal_flash.c" -mcpu=cortex-m4 -std=gnu11 -g3 -DDEBUG -DUSE_HAL_DRIVER -DSTM32F429xx -c -I../Core/Inc -I../Drivers/STM32F4xx_HAL_Driver/Inc -I../Drivers/STM32F4xx_HAL_Driver/Inc/Legacy -I../Drivers/CMSIS/Device/ST/STM32F4xx/Include -I../Drivers/CMSIS/Include -I"C:/Users/Ethan/Documents/stm32/XE_Station_EmbeddedSystem/XEstation_InventoryManagement/XEstation_Library/Inc" -O0 -ffunction-sections -fdata-sections -Wall -fstack-usage -MMD -MP -MF"Drivers/STM32F4xx_HAL_Driver/Src/stm32f4xx_hal_flash.d" -MT"Drivers/STM32F4xx_HAL_Driver/Src/stm32f4xx_hal_flash.o" --specs=nano.specs -mfpu=fpv4-sp-d16 -mfloat-abi=hard -mthumb -o "Drivers/STM32F4xx_HAL_Driver/Src/stm32f4xx_hal_flash.o"
arm-none-eabi-gcc "../Drivers/STM32F4xx_HAL_Driver/Src/stm32f4xx_hal_flash_ex.c" -mcpu=cortex-m4 -std=gnu11 -g3 -DDEBUG -DUSE_HAL_DRIVER -DSTM32F429xx -c -I../Core/Inc -I../Drivers/STM32F4xx_HAL_Driver/Inc -I../Drivers/STM32F4xx_HAL_Driver/Inc/Legacy -I../Drivers/CMSIS/Device/ST/STM32F4xx/Include -I../Drivers/CMSIS/Include -I"C:/Users/Ethan/Documents/stm32/XE_Station_EmbeddedSystem/XEstation_InventoryManagement/XEstation_Library/Inc" -O0 -ffunction-sections -fdata-sections -Wall -fstack-usage -MMD -MP -MF"Drivers/STM32F4xx_HAL_Driver/Src/stm32f4xx_hal_flash_ex.d" -MT"Drivers/STM32F4xx_HAL_Driver/Src/stm32f4xx_hal_flash_ex.o" --specs=nano.specs -mfpu=fpv4-sp-d16 -mfloat-abi=hard -mthumb -o "Drivers/STM32F4xx_HAL_Driver/Src/stm32f4xx_hal_flash_ex.o"
arm-none-eabi-gcc "../Drivers/STM32F4xx_HAL_Driver/Src/stm32f4xx_hal_flash_ramfunc.c" -mcpu=cortex-m4 -std=gnu11 -g3 -DDEBUG -DUSE_HAL_DRIVER -DSTM32F429xx -c -I../Core/Inc -I../Drivers/STM32F4xx_HAL_Driver/Inc -I../Drivers/STM32F4xx_HAL_Driver/Inc/Legacy -I../Drivers/CMSIS/Device/ST/STM32F4xx/Include -I../Drivers/CMSIS/Include -I"C:/Users/Ethan/Documents/stm32/XE_Station_EmbeddedSystem/XEstation_InventoryManagement/XEstation_Library/Inc" -O0 -ffunction-sections -fdata-sections -Wall -fstack-usage -MMD -MP -MF"Drivers/STM32F4xx_HAL_Driver/Src/stm32f4xx_hal_flash_ramfunc.d" -MT"Drivers/STM32F4xx_HAL_Driver/Src/stm32f4xx_hal_flash_ramfunc.o" --specs=nano.specs -mfpu=fpv4-sp-d16 -mfloat-abi=hard -mthumb -o "Drivers/STM32F4xx_HAL_Driver/Src/stm32f4xx_hal_flash_ramfunc.o"
arm-none-eabi-gcc "../Drivers/STM32F4xx_HAL_Driver/Src/stm32f4xx_hal_gpio.c" -mcpu=cortex-m4 -std=gnu11 -g3 -DDEBUG -DUSE_HAL_DRIVER -DSTM32F429xx -c -I../Core/Inc -I../Drivers/STM32F4xx_HAL_Driver/Inc -I../Drivers/STM32F4xx_HAL_Driver/Inc/Legacy -I../Drivers/CMSIS/Device/ST/STM32F4xx/Include -I../Drivers/CMSIS/Include -I"C:/Users/Ethan/Documents/stm32/XE_Station_EmbeddedSystem/XEstation_InventoryManagement/XEstation_Library/Inc" -O0 -ffunction-sections -fdata-sections -Wall -fstack-usage -MMD -MP -MF"Drivers/STM32F4xx_HAL_Driver/Src/stm32f4xx_hal_gpio.d" -MT"Drivers/STM32F4xx_HAL_Driver/Src/stm32f4xx_hal_gpio.o" --specs=nano.specs -mfpu=fpv4-sp-d16 -mfloat-abi=hard -mthumb -o "Drivers/STM32F4xx_HAL_Driver/Src/stm32f4xx_hal_gpio.o"
arm-none-eabi-gcc "../Drivers/STM32F4xx_HAL_Driver/Src/stm32f4xx_hal_i2c.c" -mcpu=cortex-m4 -std=gnu11 -g3 -DDEBUG -DUSE_HAL_DRIVER -DSTM32F429xx -c -I../Core/Inc -I../Drivers/STM32F4xx_HAL_Driver/Inc -I../Drivers/STM32F4xx_HAL_Driver/Inc/Legacy -I../Drivers/CMSIS/Device/ST/STM32F4xx/Include -I../Drivers/CMSIS/Include -I"C:/Users/Ethan/Documents/stm32/XE_Station_EmbeddedSystem/XEstation_InventoryManagement/XEstation_Library/Inc" -O0 -ffunction-sections -fdata-sections -Wall -fstack-usage -MMD -MP -MF"Drivers/STM32F4xx_HAL_Driver/Src/stm32f4xx_hal_i2c.d" -MT"Drivers/STM32F4xx_HAL_Driver/Src/stm32f4xx_hal_i2c.o" --specs=nano.specs -mfpu=fpv4-sp-d16 -mfloat-abi=hard -mthumb -o "Drivers/STM32F4xx_HAL_Driver/Src/stm32f4xx_hal_i2c.o"
arm-none-eabi-gcc "../Drivers/STM32F4xx_HAL_Driver/Src/stm32f4xx_hal_i2c_ex.c" -mcpu=cortex-m4 -std=gnu11 -g3 -DDEBUG -DUSE_HAL_DRIVER -DSTM32F429xx -c -I../Core/Inc -I../Drivers/STM32F4xx_HAL_Driver/Inc -I../Drivers/STM32F4xx_HAL_Driver/Inc/Legacy -I../Drivers/CMSIS/Device/ST/STM32F4xx/Include -I../Drivers/CMSIS/Include -I"C:/Users/Ethan/Documents/stm32/XE_Station_EmbeddedSystem/XEstation_InventoryManagement/XEstation_Library/Inc" -O0 -ffunction-sections -fdata-sections -Wall -fstack-usage -MMD -MP -MF"Drivers/STM32F4xx_HAL_Driver/Src/stm32f4xx_hal_i2c_ex.d" -MT"Drivers/STM32F4xx_HAL_Driver/Src/stm32f4xx_hal_i2c_ex.o" --specs=nano.specs -mfpu=fpv4-sp-d16 -mfloat-abi=hard -mthumb -o "Drivers/STM32F4xx_HAL_Driver/Src/stm32f4xx_hal_i2c_ex.o"
arm-none-eabi-gcc "../Drivers/STM32F4xx_HAL_Driver/Src/stm32f4xx_hal_pwr.c" -mcpu=cortex-m4 -std=gnu11 -g3 -DDEBUG -DUSE_HAL_DRIVER -DSTM32F429xx -c -I../Core/Inc -I../Drivers/STM32F4xx_HAL_Driver/Inc -I../Drivers/STM32F4xx_HAL_Driver/Inc/Legacy -I../Drivers/CMSIS/Device/ST/STM32F4xx/Include -I../Drivers/CMSIS/Include -I"C:/Users/Ethan/Documents/stm32/XE_Station_EmbeddedSystem/XEstation_InventoryManagement/XEstation_Library/Inc" -O0 -ffunction-sections -fdata-sections -Wall -fstack-usage -MMD -MP -MF"Drivers/STM32F4xx_HAL_Driver/Src/stm32f4xx_hal_pwr.d" -MT"Drivers/STM32F4xx_HAL_Driver/Src/stm32f4xx_hal_pwr.o" --specs=nano.specs -mfpu=fpv4-sp-d16 -mfloat-abi=hard -mthumb -o "Drivers/STM32F4xx_HAL_Driver/Src/stm32f4xx_hal_pwr.o"
arm-none-eabi-gcc "../Drivers/STM32F4xx_HAL_Driver/Src/stm32f4xx_hal_pwr_ex.c" -mcpu=cortex-m4 -std=gnu11 -g3 -DDEBUG -DUSE_HAL_DRIVER -DSTM32F429xx -c -I../Core/Inc -I../Drivers/STM32F4xx_HAL_Driver/Inc -I../Drivers/STM32F4xx_HAL_Driver/Inc/Legacy -I../Drivers/CMSIS/Device/ST/STM32F4xx/Include -I../Drivers/CMSIS/Include -I"C:/Users/Ethan/Documents/stm32/XE_Station_EmbeddedSystem/XEstation_InventoryManagement/XEstation_Library/Inc" -O0 -ffunction-sections -fdata-sections -Wall -fstack-usage -MMD -MP -MF"Drivers/STM32F4xx_HAL_Driver/Src/stm32f4xx_hal_pwr_ex.d" -MT"Drivers/STM32F4xx_HAL_Driver/Src/stm32f4xx_hal_pwr_ex.o" --specs=nano.specs -mfpu=fpv4-sp-d16 -mfloat-abi=hard -mthumb -o "Drivers/STM32F4xx_HAL_Driver/Src/stm32f4xx_hal_pwr_ex.o"
arm-none-eabi-gcc "../Drivers/STM32F4xx_HAL_Driver/Src/stm32f4xx_hal_rcc.c" -mcpu=cortex-m4 -std=gnu11 -g3 -DDEBUG -DUSE_HAL_DRIVER -DSTM32F429xx -c -I../Core/Inc -I../Drivers/STM32F4xx_HAL_Driver/Inc -I../Drivers/STM32F4xx_HAL_Driver/Inc/Legacy -I../Drivers/CMSIS/Device/ST/STM32F4xx/Include -I../Drivers/CMSIS/Include -I"C:/Users/Ethan/Documents/stm32/XE_Station_EmbeddedSystem/XEstation_InventoryManagement/XEstation_Library/Inc" -O0 -ffunction-sections -fdata-sections -Wall -fstack-usage -MMD -MP -MF"Drivers/STM32F4xx_HAL_Driver/Src/stm32f4xx_hal_rcc.d" -MT"Drivers/STM32F4xx_HAL_Driver/Src/stm32f4xx_hal_rcc.o" --specs=nano.specs -mfpu=fpv4-sp-d16 -mfloat-abi=hard -mthumb -o "Drivers/STM32F4xx_HAL_Driver/Src/stm32f4xx_hal_rcc.o"
arm-none-eabi-gcc "../Drivers/STM32F4xx_HAL_Driver/Src/stm32f4xx_hal_rcc_ex.c" -mcpu=cortex-m4 -std=gnu11 -g3 -DDEBUG -DUSE_HAL_DRIVER -DSTM32F429xx -c -I../Core/Inc -I../Drivers/STM32F4xx_HAL_Driver/Inc -I../Drivers/STM32F4xx_HAL_Driver/Inc/Legacy -I../Drivers/CMSIS/Device/ST/STM32F4xx/Include -I../Drivers/CMSIS/Include -I"C:/Users/Ethan/Documents/stm32/XE_Station_EmbeddedSystem/XEstation_InventoryManagement/XEstation_Library/Inc" -O0 -ffunction-sections -fdata-sections -Wall -fstack-usage -MMD -MP -MF"Drivers/STM32F4xx_HAL_Driver/Src/stm32f4xx_hal_rcc_ex.d" -MT"Drivers/STM32F4xx_HAL_Driver/Src/stm32f4xx_hal_rcc_ex.o" --specs=nano.specs -mfpu=fpv4-sp-d16 -mfloat-abi=hard -mthumb -o "Drivers/STM32F4xx_HAL_Driver/Src/stm32f4xx_hal_rcc_ex.o"
arm-none-eabi-gcc "../Drivers/STM32F4xx_HAL_Driver/Src/stm32f4xx_hal_tim.c" -mcpu=cortex-m4 -std=gnu11 -g3 -DDEBUG -DUSE_HAL_DRIVER -DSTM32F429xx -c -I../Core/Inc -I../Drivers/STM32F4xx_HAL_Driver/Inc -I../Drivers/STM32F4xx_HAL_Driver/Inc/Legacy -I../Drivers/CMSIS/Device/ST/STM32F4xx/Include -I../Drivers/CMSIS/Include -I"C:/Users/Ethan/Documents/stm32/XE_Station_EmbeddedSystem/XEstation_InventoryManagement/XEstation_Library/Inc" -O0 -ffunction-sections -fdata-sections -Wall -fstack-usage -MMD -MP -MF"Drivers/STM32F4xx_HAL_Driver/Src/stm32f4xx_hal_tim.d" -MT"Drivers/STM32F4xx_HAL_Driver/Src/stm32f4xx_hal_tim.o" --specs=nano.specs -mfpu=fpv4-sp-d16 -mfloat-abi=hard -mthumb -o "Drivers/STM32F4xx_HAL_Driver/Src/stm32f4xx_hal_tim.o"
arm-none-eabi-gcc "../Drivers/STM32F4xx_HAL_Driver/Src/stm32f4xx_hal_tim_ex.c" -mcpu=cortex-m4 -std=gnu11 -g3 -DDEBUG -DUSE_HAL_DRIVER -DSTM32F429xx -c -I../Core/Inc -I../Drivers/STM32F4xx_HAL_Driver/Inc -I../Drivers/STM32F4xx_HAL_Driver/Inc/Legacy -I../Drivers/CMSIS/Device/ST/STM32F4xx/Include -I../Drivers/CMSIS/Include -I"C:/Users/Ethan/Documents/stm32/XE_Station_EmbeddedSystem/XEstation_InventoryManagement/XEstation_Library/Inc" -O0 -ffunction-sections -fdata-sections -Wall -fstack-usage -MMD -MP -MF"Drivers/STM32F4xx_HAL_Driver/Src/stm32f4xx_hal_tim_ex.d" -MT"Drivers/STM32F4xx_HAL_Driver/Src/stm32f4xx_hal_tim_ex.o" --specs=nano.specs -mfpu=fpv4-sp-d16 -mfloat-abi=hard -mthumb -o "Drivers/STM32F4xx_HAL_Driver/Src/stm32f4xx_hal_tim_ex.o"
arm-none-eabi-gcc "../Drivers/STM32F4xx_HAL_Driver/Src/stm32f4xx_hal_uart.c" -mcpu=cortex-m4 -std=gnu11 -g3 -DDEBUG -DUSE_HAL_DRIVER -DSTM32F429xx -c -I../Core/Inc -I../Drivers/STM32F4xx_HAL_Driver/Inc -I../Drivers/STM32F4xx_HAL_Driver/Inc/Legacy -I../Drivers/CMSIS/Device/ST/STM32F4xx/Include -I../Drivers/CMSIS/Include -I"C:/Users/Ethan/Documents/stm32/XE_Station_EmbeddedSystem/XEstation_InventoryManagement/XEstation_Library/Inc" -O0 -ffunction-sections -fdata-sections -Wall -fstack-usage -MMD -MP -MF"Drivers/STM32F4xx_HAL_Driver/Src/stm32f4xx_hal_uart.d" -MT"Drivers/STM32F4xx_HAL_Driver/Src/stm32f4xx_hal_uart.o" --specs=nano.specs -mfpu=fpv4-sp-d16 -mfloat-abi=hard -mthumb -o "Drivers/STM32F4xx_HAL_Driver/Src/stm32f4xx_hal_uart.o"
arm-none-eabi-gcc "../Core/Src/main.c" -mcpu=cortex-m4 -std=gnu11 -g3 -DDEBUG -DUSE_HAL_DRIVER -DSTM32F429xx -c -I../Core/Inc -I../Drivers/STM32F4xx_HAL_Driver/Inc -I../Drivers/STM32F4xx_HAL_Driver/Inc/Legacy -I../Drivers/CMSIS/Device/ST/STM32F4xx/Include -I../Drivers/CMSIS/Include -I"C:/Users/Ethan/Documents/stm32/XE_Station_EmbeddedSystem/XEstation_InventoryManagement/XEstation_Library/Inc" -O0 -ffunction-sections -fdata-sections -Wall -fstack-usage -MMD -MP -MF"Core/Src/main.d" -MT"Core/Src/main.o" --specs=nano.specs -mfpu=fpv4-sp-d16 -mfloat-abi=hard -mthumb -o "Core/Src/main.o"
arm-none-eabi-gcc "../Core/Src/stm32f4xx_hal_msp.c" -mcpu=cortex-m4 -std=gnu11 -g3 -DDEBUG -DUSE_HAL_DRIVER -DSTM32F429xx -c -I../Core/Inc -I../Drivers/STM32F4xx_HAL_Driver/Inc -I../Drivers/STM32F4xx_HAL_Driver/Inc/Legacy -I../Drivers/CMSIS/Device/ST/STM32F4xx/Include -I../Drivers/CMSIS/Include -I"C:/Users/Ethan/Documents/stm32/XE_Station_EmbeddedSystem/XEstation_InventoryManagement/XEstation_Library/Inc" -O0 -ffunction-sections -fdata-sections -Wall -fstack-usage -MMD -MP -MF"Core/Src/stm32f4xx_hal_msp.d" -MT"Core/Src/stm32f4xx_hal_msp.o" --specs=nano.specs -mfpu=fpv4-sp-d16 -mfloat-abi=hard -mthumb -o "Core/Src/stm32f4xx_hal_msp.o"
[...]
../XEstation_Library/Src/User_Lidar.c: In function 'HAL_UART_RxCpltCallback':
../XEstation_Library/Src/User_Lidar.c:52:18: warning: format '%d' expects argument of type 'int', but argument 2 has type 'uint32_t' {aka 'long unsigned int'} [-Wformat=]
   52 |   printf("cnt : %d \n", cnt);
      |                 ~^      ~~~
      |                  |      |
      |                  int    uint32_t {aka long unsigned int}
      |                 %ld
../XEstation_Library/Src/User_Lidar.c: In function 'Lidar3dTest':
../XEstation_Library/Src/User_Lidar.c:84:11: warning: unused variable 'baud_rate' [-Wunused-variable]
   84 |  uint32_t baud_rate = 57600;
      |           ^~~~~~~~~
../XEstation_Library/Src/User_Lidar.c: In function 'CalcChecksum':
../XEstation_Library/Src/User_Lidar.c:108:9: warning: zero-length gnu_printf format string [-Wformat-zero-length]
  108 |  printf("")
      |         ^~
../XEstation_Library/Src/User_Lidar.c:108:12: error: expected ';' before 'return'
  108 |  printf("")
      |            ^
      |            ;
  109 |  return CheckSum;
      |  ~~~~~~     
../XEstation_Library/Src/User_Lidar.c: In function 'process_lidarData_3d':
../XEstation_Library/Src/User_Lidar.c:220:13: warning: '0' flag ignored with precision and '%x' gnu_printf format [-Wformat=]
  220 |      printf("recv : %0.2x \r calc : %0.2x \n", lidarData_3d[PACKET_LEN+FORMAT_3D_LEN], chksum);
      |             ^~~~~~~~~~~~~~~~~~~~~~~~~~~~~~~~~
../XEstation_Library/Src/User_Lidar.c:220:13: warning: '0' flag ignored with precision and '%x' gnu_printf format [-Wformat=]
../XEstation_Library/Src/User_Lidar.c:222:25: warning: statement with no effect [-Wunused-value]
  222 |     RxCpltCallback_flag == false;
      |     ~~~~~~~~~~~~~~~~~~~~^~~~~~~~
../XEstation_Library/Src/User_Lidar.c:201:14: warning: variable 'distance_arr' set but not used [-Wunused-but-set-variable]
  201 |     uint16_t distance_arr[FORMAT_3D_ARR] = {0}; // malloc
      |              ^~~~~~~~~~~~
../XEstation_Library/Src/User_Lidar.c: In function 'CalcChecksum':
../XEstation_Library/Src/User_Lidar.c:110:1: warning: control reaches end of non-void function [-Wreturn-type]
  110 | }
      | ^
make: *** [XEstation_Library/Src/subdir.mk:34: XEstation_Library/Src/User_Lidar.o] Error 1
"make -j8 all" terminated with exit code 2. Build might be incomplete.
18:42:03 **** Incremental Build of configuration Debug for project XEstation_InventoryManagement ****
make -j8 all 
arm-none-eabi-gcc "../XEstation_Library/Src/User_Lidar.c" -mcpu=cortex-m4 -std=gnu11 -g3 -DDEBUG -DUSE_HAL_DRIVER -DSTM32F429xx -c -I../Core/Inc -I../Drivers/STM32F4xx_HAL_Driver/Inc -I../Drivers/STM32F4xx_HAL_Driver/Inc/Legacy -I../Drivers/CMSIS/Device/ST/STM32F4xx/Include -I../Drivers/CMSIS/Include -I"C:/Users/Ethan/Documents/stm32/XE_Station_EmbeddedSystem/XEstation_InventoryManagement/XEstation_Library/Inc" -O0 -ffunction-sections -fdata-sections -Wall -fstack-usage -MMD -MP -MF"XEstation_Library/Src/User_Lidar.d" -MT"XEstation_Library/Src/User_Lidar.o" --specs=nano.specs -mfpu=fpv4-sp-d16 -mfloat-abi=hard -mthumb -o "XEstation_Library/Src/User_Lidar.o"
../XEstation_Library/Src/User_Lidar.c: In function 'HAL_UART_RxCpltCallback':
../XEstation_Library/Src/User_Lidar.c:52:18: warning: format '%d' expects argument of type 'int', but argument 2 has type 'uint32_t' {aka 'long unsigned int'} [-Wformat=]
   52 |   printf("cnt : %d \n", cnt);
      |                 ~^      ~~~
      |                  |      |
      |                  int    uint32_t {aka long unsigned int}
      |                 %ld
../XEstation_Library/Src/User_Lidar.c: In function 'Lidar3dTest':
../XEstation_Library/Src/User_Lidar.c:84:11: warning: unused variable 'baud_rate' [-Wunused-variable]
   84 |  uint32_t baud_rate = 57600;
      |           ^~~~~~~~~
../XEstation_Library/Src/User_Lidar.c: In function 'process_lidarData_3d':
../XEstation_Library/Src/User_Lidar.c:219:13: warning: '0' flag ignored with precision and '%x' gnu_printf format [-Wformat=]
  219 |      printf("recv : %0.2x \r calc : %0.2x \n", lidarData_3d[PACKET_LEN+FORMAT_3D_LEN], chksum);
      |             ^~~~~~~~~~~~~~~~~~~~~~~~~~~~~~~~~
../XEstation_Library/Src/User_Lidar.c:219:13: warning: '0' flag ignored with precision and '%x' gnu_printf format [-Wformat=]
../XEstation_Library/Src/User_Lidar.c:221:25: warning: statement with no effect [-Wunused-value]
  221 |     RxCpltCallback_flag == false;
      |     ~~~~~~~~~~~~~~~~~~~~^~~~~~~~
../XEstation_Library/Src/User_Lidar.c:200:14: warning: variable 'distance_arr' set but not used [-Wunused-but-set-variable]
  200 |     uint16_t distance_arr[FORMAT_3D_ARR] = {0}; // malloc
      |              ^~~~~~~~~~~~
arm-none-eabi-gcc -o "XEstation_InventoryManagement.elf" @"objects.list"   -mcpu=cortex-m4 -T"C:\Users\Ethan\Documents\stm32\XE_Station_EmbeddedSystem\XEstation_InventoryManagement\STM32F429ZITX_FLASH.ld" --specs=nosys.specs -Wl,-Map="XEstation_InventoryManagement.map" -Wl,--gc-sections -static --specs=nano.specs -mfpu=fpv4-sp-d16 -mfloat-abi=hard -mthumb -u _printf_float -Wl,--start-group -lc -lm -Wl,--end-group
Finished building target: XEstation_InventoryManagement.elf
 
arm-none-eabi-size   XEstation_InventoryManagement.elf 
arm-none-eabi-objdump -h -S  XEstation_InventoryManagement.elf  > "XEstation_InventoryManagement.list"
   text	   data	    bss	    dec	    hex	filename
  32928	    492	  20744	  54164	   d394	XEstation_InventoryManagement.elf
arm-none-eabi-objcopy  -O binary  XEstation_InventoryManagement.elf  "XEstation_InventoryManagement.bin"
Finished building: default.size.stdout
 
Finished building: XEstation_InventoryManagement.list
Finished building: XEstation_InventoryManagement.bin
 
 
18:48:01 **** Incremental Build of configuration Debug for project XEstation_InventoryManagement ****
make -j8 all 
arm-none-eabi-size   XEstation_InventoryManagement.elf 
   text	   data	    bss	    dec	    hex	filename
  32928	    492	  20744	  54164	   d394	XEstation_InventoryManagement.elf
Finished building: default.size.stdout
 
18:51:48 **** Incremental Build of configuration Debug for project XEstation_InventoryManagement ****
make -j8 all 
arm-none-eabi-gcc "../XEstation_Library/Src/User_Lidar.c" -mcpu=cortex-m4 -std=gnu11 -g3 -DDEBUG -DUSE_HAL_DRIVER -DSTM32F429xx -c -I../Core/Inc -I../Drivers/STM32F4xx_HAL_Driver/Inc -I../Drivers/STM32F4xx_HAL_Driver/Inc/Legacy -I../Drivers/CMSIS/Device/ST/STM32F4xx/Include -I../Drivers/CMSIS/Include -I"C:/Users/Ethan/Documents/stm32/XE_Station_EmbeddedSystem/XEstation_InventoryManagement/XEstation_Library/Inc" -O0 -ffunction-sections -fdata-sections -Wall -fstack-usage -MMD -MP -MF"XEstation_Library/Src/User_Lidar.d" -MT"XEstation_Library/Src/User_Lidar.o" --specs=nano.specs -mfpu=fpv4-sp-d16 -mfloat-abi=hard -mthumb -o "XEstation_Library/Src/User_Lidar.o"
../XEstation_Library/Src/User_Lidar.c: In function 'HAL_UART_RxCpltCallback':
../XEstation_Library/Src/User_Lidar.c:54:18: warning: format '%d' expects argument of type 'int', but argument 2 has type 'uint32_t' {aka 'long unsigned int'} [-Wformat=]
   54 |   printf("cnt : %d \n", cnt);
      |                 ~^      ~~~
      |                  |      |
      |                  int    uint32_t {aka long unsigned int}
      |                 %ld
../XEstation_Library/Src/User_Lidar.c: In function 'Lidar3dTest':
../XEstation_Library/Src/User_Lidar.c:86:11: warning: unused variable 'baud_rate' [-Wunused-variable]
   86 |  uint32_t baud_rate = 57600;
      |           ^~~~~~~~~
../XEstation_Library/Src/User_Lidar.c: In function 'process_lidarData_3d':
../XEstation_Library/Src/User_Lidar.c:226:35: warning: format '%d' expects argument of type 'int', but argument 2 has type 'long unsigned int' [-Wformat=]
  226 |     printf("success percentage : %d", success_cnt/(success_cnt+fail_cnt)*100);
      |                                  ~^   ~~~~~~~~~~~~~~~~~~~~~~~~~~~~~~~~~~~~~~
      |                                   |                                     |
      |                                   int                                   long unsigned int
      |                                  %ld
../XEstation_Library/Src/User_Lidar.c:227:25: warning: statement with no effect [-Wunused-value]
  227 |     RxCpltCallback_flag == false;
      |     ~~~~~~~~~~~~~~~~~~~~^~~~~~~~
../XEstation_Library/Src/User_Lidar.c:202:14: warning: variable 'distance_arr' set but not used [-Wunused-but-set-variable]
  202 |     uint16_t distance_arr[FORMAT_3D_ARR] = {0}; // malloc
      |              ^~~~~~~~~~~~
arm-none-eabi-gcc -o "XEstation_InventoryManagement.elf" @"objects.list"   -mcpu=cortex-m4 -T"C:\Users\Ethan\Documents\stm32\XE_Station_EmbeddedSystem\XEstation_InventoryManagement\STM32F429ZITX_FLASH.ld" --specs=nosys.specs -Wl,-Map="XEstation_InventoryManagement.map" -Wl,--gc-sections -static --specs=nano.specs -mfpu=fpv4-sp-d16 -mfloat-abi=hard -mthumb -u _printf_float -Wl,--start-group -lc -lm -Wl,--end-group
Finished building target: XEstation_InventoryManagement.elf
 
arm-none-eabi-size   XEstation_InventoryManagement.elf 
arm-none-eabi-objdump -h -S  XEstation_InventoryManagement.elf  > "XEstation_InventoryManagement.list"
   text	   data	    bss	    dec	    hex	filename
  32648	    492	  20752	  53892	   d284	XEstation_InventoryManagement.elf
arm-none-eabi-objcopy  -O binary  XEstation_InventoryManagement.elf  "XEstation_InventoryManagement.bin"
Finished building: default.size.stdout
 
Finished building: XEstation_InventoryManagement.list
Finished building: XEstation_InventoryManagement.bin
 
 
18:52:32 **** Incremental Build of configuration Debug for project XEstation_InventoryManagement ****
make -j8 all 
arm-none-eabi-gcc "../XEstation_Library/Src/User_Lidar.c" -mcpu=cortex-m4 -std=gnu11 -g3 -DDEBUG -DUSE_HAL_DRIVER -DSTM32F429xx -c -I../Core/Inc -I../Drivers/STM32F4xx_HAL_Driver/Inc -I../Drivers/STM32F4xx_HAL_Driver/Inc/Legacy -I../Drivers/CMSIS/Device/ST/STM32F4xx/Include -I../Drivers/CMSIS/Include -I"C:/Users/Ethan/Documents/stm32/XE_Station_EmbeddedSystem/XEstation_InventoryManagement/XEstation_Library/Inc" -O0 -ffunction-sections -fdata-sections -Wall -fstack-usage -MMD -MP -MF"XEstation_Library/Src/User_Lidar.d" -MT"XEstation_Library/Src/User_Lidar.o" --specs=nano.specs -mfpu=fpv4-sp-d16 -mfloat-abi=hard -mthumb -o "XEstation_Library/Src/User_Lidar.o"
../XEstation_Library/Src/User_Lidar.c: In function 'HAL_UART_RxCpltCallback':
../XEstation_Library/Src/User_Lidar.c:54:18: warning: format '%d' expects argument of type 'int', but argument 2 has type 'uint32_t' {aka 'long unsigned int'} [-Wformat=]
   54 |   printf("cnt : %d \n", cnt);
      |                 ~^      ~~~
      |                  |      |
      |                  int    uint32_t {aka long unsigned int}
      |                 %ld
../XEstation_Library/Src/User_Lidar.c: In function 'Lidar3dTest':
../XEstation_Library/Src/User_Lidar.c:86:11: warning: unused variable 'baud_rate' [-Wunused-variable]
   86 |  uint32_t baud_rate = 57600;
      |           ^~~~~~~~~
../XEstation_Library/Src/User_Lidar.c: In function 'process_lidarData_3d':
../XEstation_Library/Src/User_Lidar.c:226:35: warning: format '%d' expects argument of type 'int', but argument 2 has type 'long unsigned int' [-Wformat=]
  226 |     printf("success percentage : %d", (int)success_cnt/(success_cnt+fail_cnt)*100);
      |                                  ~^   ~~~~~~~~~~~~~~~~~~~~~~~~~~~~~~~~~~~~~~~~~~~
      |                                   |                                          |
      |                                   int                                        long unsigned int
      |                                  %ld
../XEstation_Library/Src/User_Lidar.c:227:25: warning: statement with no effect [-Wunused-value]
  227 |     RxCpltCallback_flag == false;
      |     ~~~~~~~~~~~~~~~~~~~~^~~~~~~~
../XEstation_Library/Src/User_Lidar.c:202:14: warning: variable 'distance_arr' set but not used [-Wunused-but-set-variable]
  202 |     uint16_t distance_arr[FORMAT_3D_ARR] = {0}; // malloc
      |              ^~~~~~~~~~~~
arm-none-eabi-gcc -o "XEstation_InventoryManagement.elf" @"objects.list"   -mcpu=cortex-m4 -T"C:\Users\Ethan\Documents\stm32\XE_Station_EmbeddedSystem\XEstation_InventoryManagement\STM32F429ZITX_FLASH.ld" --specs=nosys.specs -Wl,-Map="XEstation_InventoryManagement.map" -Wl,--gc-sections -static --specs=nano.specs -mfpu=fpv4-sp-d16 -mfloat-abi=hard -mthumb -u _printf_float -Wl,--start-group -lc -lm -Wl,--end-group
Finished building target: XEstation_InventoryManagement.elf
 
arm-none-eabi-size   XEstation_InventoryManagement.elf 
arm-none-eabi-objdump -h -S  XEstation_InventoryManagement.elf  > "XEstation_InventoryManagement.list"
   text	   data	    bss	    dec	    hex	filename
  32648	    492	  20752	  53892	   d284	XEstation_InventoryManagement.elf
arm-none-eabi-objcopy  -O binary  XEstation_InventoryManagement.elf  "XEstation_InventoryManagement.bin"
Finished building: default.size.stdout
 
Finished building: XEstation_InventoryManagement.bin
Finished building: XEstation_InventoryManagement.list
 
 
18:52:50 **** Incremental Build of configuration Debug for project XEstation_InventoryManagement ****
make -j8 all 
arm-none-eabi-gcc "../XEstation_Library/Src/User_Lidar.c" -mcpu=cortex-m4 -std=gnu11 -g3 -DDEBUG -DUSE_HAL_DRIVER -DSTM32F429xx -c -I../Core/Inc -I../Drivers/STM32F4xx_HAL_Driver/Inc -I../Drivers/STM32F4xx_HAL_Driver/Inc/Legacy -I../Drivers/CMSIS/Device/ST/STM32F4xx/Include -I../Drivers/CMSIS/Include -I"C:/Users/Ethan/Documents/stm32/XE_Station_EmbeddedSystem/XEstation_InventoryManagement/XEstation_Library/Inc" -O0 -ffunction-sections -fdata-sections -Wall -fstack-usage -MMD -MP -MF"XEstation_Library/Src/User_Lidar.d" -MT"XEstation_Library/Src/User_Lidar.o" --specs=nano.specs -mfpu=fpv4-sp-d16 -mfloat-abi=hard -mthumb -o "XEstation_Library/Src/User_Lidar.o"
../XEstation_Library/Src/User_Lidar.c: In function 'HAL_UART_RxCpltCallback':
../XEstation_Library/Src/User_Lidar.c:54:18: warning: format '%d' expects argument of type 'int', but argument 2 has type 'uint32_t' {aka 'long unsigned int'} [-Wformat=]
   54 |   printf("cnt : %d \n", cnt);
      |                 ~^      ~~~
      |                  |      |
      |                  int    uint32_t {aka long unsigned int}
      |                 %ld
../XEstation_Library/Src/User_Lidar.c: In function 'Lidar3dTest':
../XEstation_Library/Src/User_Lidar.c:86:11: warning: unused variable 'baud_rate' [-Wunused-variable]
   86 |  uint32_t baud_rate = 57600;
      |           ^~~~~~~~~
../XEstation_Library/Src/User_Lidar.c: In function 'process_lidarData_3d':
../XEstation_Library/Src/User_Lidar.c:226:35: warning: format '%d' expects argument of type 'int', but argument 2 has type 'long unsigned int' [-Wformat=]
  226 |     printf("success percentage : %d\n", (int)success_cnt/(success_cnt+fail_cnt)*100);
      |                                  ~^     ~~~~~~~~~~~~~~~~~~~~~~~~~~~~~~~~~~~~~~~~~~~
      |                                   |                                            |
      |                                   int                                          long unsigned int
      |                                  %ld
../XEstation_Library/Src/User_Lidar.c:227:25: warning: statement with no effect [-Wunused-value]
  227 |     RxCpltCallback_flag == false;
      |     ~~~~~~~~~~~~~~~~~~~~^~~~~~~~
../XEstation_Library/Src/User_Lidar.c:202:14: warning: variable 'distance_arr' set but not used [-Wunused-but-set-variable]
  202 |     uint16_t distance_arr[FORMAT_3D_ARR] = {0}; // malloc
      |              ^~~~~~~~~~~~
arm-none-eabi-gcc -o "XEstation_InventoryManagement.elf" @"objects.list"   -mcpu=cortex-m4 -T"C:\Users\Ethan\Documents\stm32\XE_Station_EmbeddedSystem\XEstation_InventoryManagement\STM32F429ZITX_FLASH.ld" --specs=nosys.specs -Wl,-Map="XEstation_InventoryManagement.map" -Wl,--gc-sections -static --specs=nano.specs -mfpu=fpv4-sp-d16 -mfloat-abi=hard -mthumb -u _printf_float -Wl,--start-group -lc -lm -Wl,--end-group
Finished building target: XEstation_InventoryManagement.elf
 
arm-none-eabi-size   XEstation_InventoryManagement.elf 
arm-none-eabi-objdump -h -S  XEstation_InventoryManagement.elf  > "XEstation_InventoryManagement.list"
   text	   data	    bss	    dec	    hex	filename
  32656	    492	  20752	  53900	   d28c	XEstation_InventoryManagement.elf
arm-none-eabi-objcopy  -O binary  XEstation_InventoryManagement.elf  "XEstation_InventoryManagement.bin"
Finished building: default.size.stdout
 
Finished building: XEstation_InventoryManagement.list
Finished building: XEstation_InventoryManagement.bin
 
 
18:53:35 **** Incremental Build of configuration Debug for project XEstation_InventoryManagement ****
make -j8 all 
arm-none-eabi-gcc "../XEstation_Library/Src/User_Lidar.c" -mcpu=cortex-m4 -std=gnu11 -g3 -DDEBUG -DUSE_HAL_DRIVER -DSTM32F429xx -c -I../Core/Inc -I../Drivers/STM32F4xx_HAL_Driver/Inc -I../Drivers/STM32F4xx_HAL_Driver/Inc/Legacy -I../Drivers/CMSIS/Device/ST/STM32F4xx/Include -I../Drivers/CMSIS/Include -I"C:/Users/Ethan/Documents/stm32/XE_Station_EmbeddedSystem/XEstation_InventoryManagement/XEstation_Library/Inc" -O0 -ffunction-sections -fdata-sections -Wall -fstack-usage -MMD -MP -MF"XEstation_Library/Src/User_Lidar.d" -MT"XEstation_Library/Src/User_Lidar.o" --specs=nano.specs -mfpu=fpv4-sp-d16 -mfloat-abi=hard -mthumb -o "XEstation_Library/Src/User_Lidar.o"
../XEstation_Library/Src/User_Lidar.c: In function 'HAL_UART_RxCpltCallback':
../XEstation_Library/Src/User_Lidar.c:54:18: warning: format '%d' expects argument of type 'int', but argument 2 has type 'uint32_t' {aka 'long unsigned int'} [-Wformat=]
   54 |   printf("cnt : %d \n", cnt);
      |                 ~^      ~~~
      |                  |      |
      |                  int    uint32_t {aka long unsigned int}
      |                 %ld
../XEstation_Library/Src/User_Lidar.c: In function 'Lidar3dTest':
../XEstation_Library/Src/User_Lidar.c:86:11: warning: unused variable 'baud_rate' [-Wunused-variable]
   86 |  uint32_t baud_rate = 57600;
      |           ^~~~~~~~~
../XEstation_Library/Src/User_Lidar.c: In function 'process_lidarData_3d':
../XEstation_Library/Src/User_Lidar.c:227:25: warning: statement with no effect [-Wunused-value]
  227 |     RxCpltCallback_flag == false;
      |     ~~~~~~~~~~~~~~~~~~~~^~~~~~~~
../XEstation_Library/Src/User_Lidar.c:202:14: warning: variable 'distance_arr' set but not used [-Wunused-but-set-variable]
  202 |     uint16_t distance_arr[FORMAT_3D_ARR] = {0}; // malloc
      |              ^~~~~~~~~~~~
arm-none-eabi-gcc -o "XEstation_InventoryManagement.elf" @"objects.list"   -mcpu=cortex-m4 -T"C:\Users\Ethan\Documents\stm32\XE_Station_EmbeddedSystem\XEstation_InventoryManagement\STM32F429ZITX_FLASH.ld" --specs=nosys.specs -Wl,-Map="XEstation_InventoryManagement.map" -Wl,--gc-sections -static --specs=nano.specs -mfpu=fpv4-sp-d16 -mfloat-abi=hard -mthumb -u _printf_float -Wl,--start-group -lc -lm -Wl,--end-group
Finished building target: XEstation_InventoryManagement.elf
 
arm-none-eabi-size   XEstation_InventoryManagement.elf 
arm-none-eabi-objdump -h -S  XEstation_InventoryManagement.elf  > "XEstation_InventoryManagement.list"
   text	   data	    bss	    dec	    hex	filename
  32688	    492	  20752	  53932	   d2ac	XEstation_InventoryManagement.elf
arm-none-eabi-objcopy  -O binary  XEstation_InventoryManagement.elf  "XEstation_InventoryManagement.bin"
Finished building: default.size.stdout
 
Finished building: XEstation_InventoryManagement.bin
Finished building: XEstation_InventoryManagement.list
 
 
