18:53:35 **** Incremental Build of configuration Debug for project XEstation_InventoryManagement ****
make -j8 all 
arm-none-eabi-gcc "../XEstation_Library/Src/User_Lidar.c" -mcpu=cortex-m4 -std=gnu11 -g3 -DDEBUG -DUSE_HAL_DRIVER -DSTM32F429xx -c -I../Core/Inc -I../Drivers/STM32F4xx_HAL_Driver/Inc -I../Drivers/STM32F4xx_HAL_Driver/Inc/Legacy -I../Drivers/CMSIS/Device/ST/STM32F4xx/Include -I../Drivers/CMSIS/Include -I"C:/Users/Ethan/Documents/stm32/XE_Station_EmbeddedSystem/XEstation_InventoryManagement/XEstation_Library/Inc" -O0 -ffunction-sections -fdata-sections -Wall -fstack-usage -MMD -MP -MF"XEstation_Library/Src/User_Lidar.d" -MT"XEstation_Library/Src/User_Lidar.o" --specs=nano.specs -mfpu=fpv4-sp-d16 -mfloat-abi=hard -mthumb -o "XEstation_Library/Src/User_Lidar.o"
../XEstation_Library/Src/User_Lidar.c: In function 'HAL_UART_RxCpltCallback':
../XEstation_Library/Src/User_Lidar.c:54:18: warning: format '%d' expects argument of type 'int', but argument 2 has type 'uint32_t' {aka 'long unsigned int'} [-Wformat=]
   54 |   printf("cnt : %d \n", cnt);
      |                 ~^      ~~~
      |                  |      |
      |                  int    uint32_t {aka long unsigned int}
      |                 %ld
../XEstation_Library/Src/User_Lidar.c: In function 'Lidar3dTest':
../XEstation_Library/Src/User_Lidar.c:86:11: warning: unused variable 'baud_rate' [-Wunused-variable]
   86 |  uint32_t baud_rate = 57600;
      |           ^~~~~~~~~
../XEstation_Library/Src/User_Lidar.c: In function 'process_lidarData_3d':
../XEstation_Library/Src/User_Lidar.c:227:25: warning: statement with no effect [-Wunused-value]
  227 |     RxCpltCallback_flag == false;
      |     ~~~~~~~~~~~~~~~~~~~~^~~~~~~~
../XEstation_Library/Src/User_Lidar.c:202:14: warning: variable 'distance_arr' set but not used [-Wunused-but-set-variable]
  202 |     uint16_t distance_arr[FORMAT_3D_ARR] = {0}; // malloc
      |              ^~~~~~~~~~~~
arm-none-eabi-gcc -o "XEstation_InventoryManagement.elf" @"objects.list"   -mcpu=cortex-m4 -T"C:\Users\Ethan\Documents\stm32\XE_Station_EmbeddedSystem\XEstation_InventoryManagement\STM32F429ZITX_FLASH.ld" --specs=nosys.specs -Wl,-Map="XEstation_InventoryManagement.map" -Wl,--gc-sections -static --specs=nano.specs -mfpu=fpv4-sp-d16 -mfloat-abi=hard -mthumb -u _printf_float -Wl,--start-group -lc -lm -Wl,--end-group
Finished building target: XEstation_InventoryManagement.elf
 
arm-none-eabi-size   XEstation_InventoryManagement.elf 
arm-none-eabi-objdump -h -S  XEstation_InventoryManagement.elf  > "XEstation_InventoryManagement.list"
   text	   data	    bss	    dec	    hex	filename
  32688	    492	  20752	  53932	   d2ac	XEstation_InventoryManagement.elf
arm-none-eabi-objcopy  -O binary  XEstation_InventoryManagement.elf  "XEstation_InventoryManagement.bin"
Finished building: default.size.stdout
 
Finished building: XEstation_InventoryManagement.bin
Finished building: XEstation_InventoryManagement.list
 
 

18:53:38 Build Finished. 0 errors, 4 warnings. (took 2s.567ms)

