12:39:07 **** Incremental Build of configuration Debug for project XEstation_MachineControl ****
make -j8 all 
arm-none-eabi-gcc "../Core/Src/main.c" -mcpu=cortex-m4 -std=gnu11 -g3 -DDEBUG -DUSE_HAL_DRIVER -DSTM32F429xx -c -I../Core/Inc -I../Drivers/STM32F4xx_HAL_Driver/Inc -I../Drivers/STM32F4xx_HAL_Driver/Inc/Legacy -I../Drivers/CMSIS/Device/ST/STM32F4xx/Include -I../Drivers/CMSIS/Include -I"C:/Users/Ethan/Documents/stm32/XE_Station_EmbeddedSystem/XEstation_MachineControl/XEstation_Library/Inc" -O0 -ffunction-sections -fdata-sections -Wall -fstack-usage -MMD -MP -MF"Core/Src/main.d" -MT"Core/Src/main.o" --specs=nano.specs -mfpu=fpv4-sp-d16 -mfloat-abi=hard -mthumb -o "Core/Src/main.o"
../Core/Src/main.c: In function 'main':
../Core/Src/main.c:121:3: warning: implicit declaration of function 'initCupLidDispensor'; did you mean 'init_iceDispensor'? [-Wimplicit-function-declaration]
  121 |   initCupLidDispensor();
      |   ^~~~~~~~~~~~~~~~~~~
      |   init_iceDispensor
arm-none-eabi-gcc -o "XEstation_MachineControl.elf" @"objects.list"   -mcpu=cortex-m4 -T"C:\Users\Ethan\Documents\stm32\XE_Station_EmbeddedSystem\XEstation_MachineControl\STM32F429ZITX_FLASH.ld" --specs=nosys.specs -Wl,-Map="XEstation_MachineControl.map" -Wl,--gc-sections -static --specs=nano.specs -mfpu=fpv4-sp-d16 -mfloat-abi=hard -mthumb -Wl,--start-group -lc -lm -Wl,--end-group
Finished building target: XEstation_MachineControl.elf
 
arm-none-eabi-size   XEstation_MachineControl.elf 
arm-none-eabi-objdump -h -S  XEstation_MachineControl.elf  > "XEstation_MachineControl.list"
   text	   data	    bss	    dec	    hex	filename
  17800	    168	   6096	  24064	   5e00	XEstation_MachineControl.elf
arm-none-eabi-objcopy  -O binary  XEstation_MachineControl.elf  "XEstation_MachineControl.bin"
Finished building: default.size.stdout
Finished building: XEstation_MachineControl.list
 
Finished building: XEstation_MachineControl.bin
 
 

12:39:12 Build Finished. 0 errors, 1 warnings. (took 5s.72ms)

